2026-03-21T16:09:01.276+03:00  INFO 26396 --- [cinema] [main] pavel.lab.cinema.CinemaApplication       : Starting CinemaApplication using Java 25.0.2 with PID 26396 (X:\Java\cinema\build\classes\java\main started by pavel in X:\Java\cinema)
2026-03-21T16:09:01.281+03:00  INFO 26396 --- [cinema] [main] pavel.lab.cinema.CinemaApplication       : No active profile set, falling back to 1 default profile: "default"
2026-03-21T16:09:01.758+03:00  INFO 26396 --- [cinema] [main] .s.d.r.c.RepositoryConfigurationDelegate : Bootstrapping Spring Data JPA repositories in DEFAULT mode.
2026-03-21T16:09:01.808+03:00  INFO 26396 --- [cinema] [main] .s.d.r.c.RepositoryConfigurationDelegate : Finished Spring Data repository scanning in 43 ms. Found 6 JPA repository interfaces.
2026-03-21T16:09:02.112+03:00  INFO 26396 --- [cinema] [main] o.s.boot.tomcat.TomcatWebServer          : Tomcat initialized with port 8080 (http)
2026-03-21T16:09:02.121+03:00  INFO 26396 --- [cinema] [main] o.apache.catalina.core.StandardService   : Starting service [Tomcat]
2026-03-21T16:09:02.121+03:00  INFO 26396 --- [cinema] [main] o.apache.catalina.core.StandardEngine    : Starting Servlet engine: [Apache Tomcat/11.0.18]
2026-03-21T16:09:02.158+03:00  INFO 26396 --- [cinema] [main] b.w.c.s.WebApplicationContextInitializer : Root WebApplicationContext: initialization completed in 840 ms
2026-03-21T16:09:02.273+03:00  INFO 26396 --- [cinema] [main] org.hibernate.orm.jpa                    : HHH008540: Processing PersistenceUnitInfo [name: default]
2026-03-21T16:09:02.309+03:00  INFO 26396 --- [cinema] [main] org.hibernate.orm.core                   : HHH000001: Hibernate ORM core version 7.2.4.Final
2026-03-21T16:09:02.646+03:00  INFO 26396 --- [cinema] [main] o.s.o.j.p.SpringPersistenceUnitInfo      : No LoadTimeWeaver setup: ignoring JPA class transformer
2026-03-21T16:09:02.669+03:00  INFO 26396 --- [cinema] [main] com.zaxxer.hikari.HikariDataSource       : HikariPool-1 - Starting...
2026-03-21T16:09:02.783+03:00  INFO 26396 --- [cinema] [main] com.zaxxer.hikari.pool.HikariPool        : HikariPool-1 - Added connection org.postgresql.jdbc.PgConnection@476c137b
2026-03-21T16:09:02.784+03:00  INFO 26396 --- [cinema] [main] com.zaxxer.hikari.HikariDataSource       : HikariPool-1 - Start completed.
2026-03-21T16:09:02.840+03:00  INFO 26396 --- [cinema] [main] org.hibernate.orm.connections.pooling    : HHH10001005: Database info:
	Database JDBC URL [jdbc:postgresql://localhost:5432/my_db]
	Database driver: PostgreSQL JDBC Driver
	Database dialect: PostgreSQLDialect
	Database version: 18.2
	Default catalog/schema: my_db/public
	Autocommit mode: undefined/unknown
	Isolation level: READ_COMMITTED [default READ_COMMITTED]
	JDBC fetch size: none
	Pool: DataSourceConnectionProvider
	Minimum pool size: undefined/unknown
	Maximum pool size: undefined/unknown
2026-03-21T16:09:03.586+03:00  INFO 26396 --- [cinema] [main] org.hibernate.orm.core                   : HHH000489: No JTA platform available (set 'hibernate.transaction.jta.platform' to enable JTA platform integration)
2026-03-21T16:09:03.650+03:00  INFO 26396 --- [cinema] [main] j.LocalContainerEntityManagerFactoryBean : Initialized JPA EntityManagerFactory for persistence unit 'default'
2026-03-21T16:09:03.700+03:00  INFO 26396 --- [cinema] [main] o.s.d.j.r.query.QueryEnhancerFactories   : Hibernate is in classpath; If applicable, HQL parser will be used.
2026-03-21T16:09:04.275+03:00  WARN 26396 --- [cinema] [main] JpaBaseConfiguration$JpaWebConfiguration : spring.jpa.open-in-view is enabled by default. Therefore, database queries may be performed during view rendering. Explicitly configure spring.jpa.open-in-view to disable this warning
2026-03-21T16:09:04.507+03:00  INFO 26396 --- [cinema] [main] o.s.boot.tomcat.TomcatWebServer          : Tomcat started on port 8080 (http) with context path '/'
2026-03-21T16:09:04.511+03:00  INFO 26396 --- [cinema] [main] pavel.lab.cinema.CinemaApplication       : Started CinemaApplication in 3.535 seconds (process running for 4.013)
2026-03-21T16:10:01.983+03:00  INFO 26396 --- [cinema] [SpringApplicationShutdownHook] o.s.boot.tomcat.GracefulShutdown         : Commencing graceful shutdown. Waiting for active requests to complete
2026-03-21T16:10:01.988+03:00  INFO 26396 --- [cinema] [tomcat-shutdown] o.s.boot.tomcat.GracefulShutdown         : Graceful shutdown complete
2026-03-21T16:10:01.990+03:00  INFO 26396 --- [cinema] [SpringApplicationShutdownHook] j.LocalContainerEntityManagerFactoryBean : Closing JPA EntityManagerFactory for persistence unit 'default'
2026-03-21T16:10:01.992+03:00  INFO 26396 --- [cinema] [SpringApplicationShutdownHook] com.zaxxer.hikari.HikariDataSource       : HikariPool-1 - Shutdown initiated...
2026-03-21T16:10:01.994+03:00  INFO 26396 --- [cinema] [SpringApplicationShutdownHook] com.zaxxer.hikari.HikariDataSource       : HikariPool-1 - Shutdown completed.
2026-03-21T16:10:03.712+03:00  INFO 8332 --- [cinema] [main] pavel.lab.cinema.CinemaApplication       : Starting CinemaApplication using Java 25.0.2 with PID 8332 (X:\Java\cinema\build\classes\java\main started by pavel in X:\Java\cinema)
2026-03-21T16:10:03.715+03:00  INFO 8332 --- [cinema] [main] pavel.lab.cinema.CinemaApplication       : No active profile set, falling back to 1 default profile: "default"
2026-03-21T16:10:04.191+03:00  INFO 8332 --- [cinema] [main] .s.d.r.c.RepositoryConfigurationDelegate : Bootstrapping Spring Data JPA repositories in DEFAULT mode.
2026-03-21T16:10:04.251+03:00  INFO 8332 --- [cinema] [main] .s.d.r.c.RepositoryConfigurationDelegate : Finished Spring Data repository scanning in 51 ms. Found 6 JPA repository interfaces.
2026-03-21T16:10:04.544+03:00  INFO 8332 --- [cinema] [main] o.s.boot.tomcat.TomcatWebServer          : Tomcat initialized with port 8080 (http)
2026-03-21T16:10:04.553+03:00  INFO 8332 --- [cinema] [main] o.apache.catalina.core.StandardService   : Starting service [Tomcat]
2026-03-21T16:10:04.554+03:00  INFO 8332 --- [cinema] [main] o.apache.catalina.core.StandardEngine    : Starting Servlet engine: [Apache Tomcat/11.0.18]
2026-03-21T16:10:04.589+03:00  INFO 8332 --- [cinema] [main] b.w.c.s.WebApplicationContextInitializer : Root WebApplicationContext: initialization completed in 841 ms
2026-03-21T16:10:04.705+03:00  INFO 8332 --- [cinema] [main] org.hibernate.orm.jpa                    : HHH008540: Processing PersistenceUnitInfo [name: default]
2026-03-21T16:10:04.743+03:00  INFO 8332 --- [cinema] [main] org.hibernate.orm.core                   : HHH000001: Hibernate ORM core version 7.2.4.Final
2026-03-21T16:10:05.097+03:00  INFO 8332 --- [cinema] [main] o.s.o.j.p.SpringPersistenceUnitInfo      : No LoadTimeWeaver setup: ignoring JPA class transformer
2026-03-21T16:10:05.121+03:00  INFO 8332 --- [cinema] [main] com.zaxxer.hikari.HikariDataSource       : HikariPool-1 - Starting...
2026-03-21T16:10:05.247+03:00  INFO 8332 --- [cinema] [main] com.zaxxer.hikari.pool.HikariPool        : HikariPool-1 - Added connection org.postgresql.jdbc.PgConnection@26bce60d
2026-03-21T16:10:05.248+03:00  INFO 8332 --- [cinema] [main] com.zaxxer.hikari.HikariDataSource       : HikariPool-1 - Start completed.
2026-03-21T16:10:05.308+03:00  INFO 8332 --- [cinema] [main] org.hibernate.orm.connections.pooling    : HHH10001005: Database info:
	Database JDBC URL [jdbc:postgresql://localhost:5432/my_db]
	Database driver: PostgreSQL JDBC Driver
	Database dialect: PostgreSQLDialect
	Database version: 18.2
	Default catalog/schema: my_db/public
	Autocommit mode: undefined/unknown
	Isolation level: READ_COMMITTED [default READ_COMMITTED]
	JDBC fetch size: none
	Pool: DataSourceConnectionProvider
	Minimum pool size: undefined/unknown
	Maximum pool size: undefined/unknown
2026-03-21T16:10:06.138+03:00  INFO 8332 --- [cinema] [main] org.hibernate.orm.core                   : HHH000489: No JTA platform available (set 'hibernate.transaction.jta.platform' to enable JTA platform integration)
2026-03-21T16:10:06.203+03:00  INFO 8332 --- [cinema] [main] j.LocalContainerEntityManagerFactoryBean : Initialized JPA EntityManagerFactory for persistence unit 'default'
2026-03-21T16:10:06.254+03:00  INFO 8332 --- [cinema] [main] o.s.d.j.r.query.QueryEnhancerFactories   : Hibernate is in classpath; If applicable, HQL parser will be used.
2026-03-21T16:10:06.877+03:00  WARN 8332 --- [cinema] [main] JpaBaseConfiguration$JpaWebConfiguration : spring.jpa.open-in-view is enabled by default. Therefore, database queries may be performed during view rendering. Explicitly configure spring.jpa.open-in-view to disable this warning
2026-03-21T16:10:07.132+03:00  INFO 8332 --- [cinema] [main] o.s.boot.tomcat.TomcatWebServer          : Tomcat started on port 8080 (http) with context path '/'
2026-03-21T16:10:07.137+03:00  INFO 8332 --- [cinema] [main] pavel.lab.cinema.CinemaApplication       : Started CinemaApplication in 3.73 seconds (process running for 4.221)
2026-03-21T16:10:28.691+03:00  INFO 8332 --- [cinema] [http-nio-8080-exec-3] o.a.c.c.C.[Tomcat].[localhost].[/]       : Initializing Spring DispatcherServlet 'dispatcherServlet'
2026-03-21T16:10:28.691+03:00  INFO 8332 --- [cinema] [http-nio-8080-exec-3] o.s.web.servlet.DispatcherServlet        : Initializing Servlet 'dispatcherServlet'
2026-03-21T16:10:28.693+03:00  INFO 8332 --- [cinema] [http-nio-8080-exec-3] o.s.web.servlet.DispatcherServlet        : Completed initialization in 2 ms
2026-03-21T16:10:28.778+03:00 DEBUG 8332 --- [cinema] [http-nio-8080-exec-3] org.hibernate.SQL                        : 
    /* <criteria> */ select
        g1_0.id,
        g1_0.name 
    from
        genres g1_0
2026-03-21T16:12:12.659+03:00  INFO 8332 --- [cinema] [SpringApplicationShutdownHook] o.s.boot.tomcat.GracefulShutdown         : Commencing graceful shutdown. Waiting for active requests to complete
2026-03-21T16:12:12.665+03:00  INFO 8332 --- [cinema] [tomcat-shutdown] o.s.boot.tomcat.GracefulShutdown         : Graceful shutdown complete
2026-03-21T16:12:12.668+03:00  INFO 8332 --- [cinema] [SpringApplicationShutdownHook] j.LocalContainerEntityManagerFactoryBean : Closing JPA EntityManagerFactory for persistence unit 'default'
2026-03-21T16:12:12.671+03:00  INFO 8332 --- [cinema] [SpringApplicationShutdownHook] com.zaxxer.hikari.HikariDataSource       : HikariPool-1 - Shutdown initiated...
2026-03-21T16:12:12.674+03:00  INFO 8332 --- [cinema] [SpringApplicationShutdownHook] com.zaxxer.hikari.HikariDataSource       : HikariPool-1 - Shutdown completed.
2026-03-21T16:12:14.354+03:00  INFO 21744 --- [cinema] [main] pavel.lab.cinema.CinemaApplication       : Starting CinemaApplication using Java 25.0.2 with PID 21744 (X:\Java\cinema\build\classes\java\main started by pavel in X:\Java\cinema)
2026-03-21T16:12:14.356+03:00  INFO 21744 --- [cinema] [main] pavel.lab.cinema.CinemaApplication       : No active profile set, falling back to 1 default profile: "default"
2026-03-21T16:12:14.838+03:00  INFO 21744 --- [cinema] [main] .s.d.r.c.RepositoryConfigurationDelegate : Bootstrapping Spring Data JPA repositories in DEFAULT mode.
2026-03-21T16:12:14.891+03:00  INFO 21744 --- [cinema] [main] .s.d.r.c.RepositoryConfigurationDelegate : Finished Spring Data repository scanning in 46 ms. Found 6 JPA repository interfaces.
2026-03-21T16:12:15.199+03:00  INFO 21744 --- [cinema] [main] o.s.boot.tomcat.TomcatWebServer          : Tomcat initialized with port 8080 (http)
2026-03-21T16:12:15.209+03:00  INFO 21744 --- [cinema] [main] o.apache.catalina.core.StandardService   : Starting service [Tomcat]
2026-03-21T16:12:15.209+03:00  INFO 21744 --- [cinema] [main] o.apache.catalina.core.StandardEngine    : Starting Servlet engine: [Apache Tomcat/11.0.18]
2026-03-21T16:12:15.246+03:00  INFO 21744 --- [cinema] [main] b.w.c.s.WebApplicationContextInitializer : Root WebApplicationContext: initialization completed in 855 ms
2026-03-21T16:12:15.354+03:00  INFO 21744 --- [cinema] [main] org.hibernate.orm.jpa                    : HHH008540: Processing PersistenceUnitInfo [name: default]
2026-03-21T16:12:15.388+03:00  INFO 21744 --- [cinema] [main] org.hibernate.orm.core                   : HHH000001: Hibernate ORM core version 7.2.4.Final
2026-03-21T16:12:15.717+03:00  INFO 21744 --- [cinema] [main] o.s.o.j.p.SpringPersistenceUnitInfo      : No LoadTimeWeaver setup: ignoring JPA class transformer
2026-03-21T16:12:15.742+03:00  INFO 21744 --- [cinema] [main] com.zaxxer.hikari.HikariDataSource       : HikariPool-1 - Starting...
2026-03-21T16:12:15.857+03:00  INFO 21744 --- [cinema] [main] com.zaxxer.hikari.pool.HikariPool        : HikariPool-1 - Added connection org.postgresql.jdbc.PgConnection@7e76a66f
2026-03-21T16:12:15.858+03:00  INFO 21744 --- [cinema] [main] com.zaxxer.hikari.HikariDataSource       : HikariPool-1 - Start completed.
2026-03-21T16:12:15.914+03:00  INFO 21744 --- [cinema] [main] org.hibernate.orm.connections.pooling    : HHH10001005: Database info:
	Database JDBC URL [jdbc:postgresql://localhost:5432/my_db]
	Database driver: PostgreSQL JDBC Driver
	Database dialect: PostgreSQLDialect
	Database version: 18.2
	Default catalog/schema: my_db/public
	Autocommit mode: undefined/unknown
	Isolation level: READ_COMMITTED [default READ_COMMITTED]
	JDBC fetch size: none
	Pool: DataSourceConnectionProvider
	Minimum pool size: undefined/unknown
	Maximum pool size: undefined/unknown
2026-03-21T16:12:16.648+03:00  INFO 21744 --- [cinema] [main] org.hibernate.orm.core                   : HHH000489: No JTA platform available (set 'hibernate.transaction.jta.platform' to enable JTA platform integration)
2026-03-21T16:12:16.711+03:00  INFO 21744 --- [cinema] [main] j.LocalContainerEntityManagerFactoryBean : Initialized JPA EntityManagerFactory for persistence unit 'default'
2026-03-21T16:12:16.762+03:00  INFO 21744 --- [cinema] [main] o.s.d.j.r.query.QueryEnhancerFactories   : Hibernate is in classpath; If applicable, HQL parser will be used.
2026-03-21T16:12:17.347+03:00  WARN 21744 --- [cinema] [main] JpaBaseConfiguration$JpaWebConfiguration : spring.jpa.open-in-view is enabled by default. Therefore, database queries may be performed during view rendering. Explicitly configure spring.jpa.open-in-view to disable this warning
2026-03-21T16:12:17.586+03:00  INFO 21744 --- [cinema] [main] o.s.boot.tomcat.TomcatWebServer          : Tomcat started on port 8080 (http) with context path '/'
2026-03-21T16:12:17.590+03:00  INFO 21744 --- [cinema] [main] pavel.lab.cinema.CinemaApplication       : Started CinemaApplication in 3.527 seconds (process running for 4.011)
2026-03-21T16:12:20.157+03:00  INFO 21744 --- [cinema] [http-nio-8080-exec-2] o.a.c.c.C.[Tomcat].[localhost].[/]       : Initializing Spring DispatcherServlet 'dispatcherServlet'
2026-03-21T16:12:20.158+03:00  INFO 21744 --- [cinema] [http-nio-8080-exec-2] o.s.web.servlet.DispatcherServlet        : Initializing Servlet 'dispatcherServlet'
2026-03-21T16:12:20.159+03:00  INFO 21744 --- [cinema] [http-nio-8080-exec-2] o.s.web.servlet.DispatcherServlet        : Completed initialization in 1 ms
2026-03-21T16:12:20.254+03:00 DEBUG 21744 --- [cinema] [http-nio-8080-exec-2] org.hibernate.SQL                        : 
    /* <criteria> */ select
        g1_0.id,
        g1_0.name 
    from
        genres g1_0
2026-03-21T16:13:20.608+03:00  INFO 21744 --- [cinema] [SpringApplicationShutdownHook] o.s.boot.tomcat.GracefulShutdown         : Commencing graceful shutdown. Waiting for active requests to complete
2026-03-21T16:13:20.613+03:00  INFO 21744 --- [cinema] [tomcat-shutdown] o.s.boot.tomcat.GracefulShutdown         : Graceful shutdown complete
2026-03-21T16:13:20.617+03:00  INFO 21744 --- [cinema] [SpringApplicationShutdownHook] j.LocalContainerEntityManagerFactoryBean : Closing JPA EntityManagerFactory for persistence unit 'default'
2026-03-21T16:13:20.618+03:00  INFO 21744 --- [cinema] [SpringApplicationShutdownHook] com.zaxxer.hikari.HikariDataSource       : HikariPool-1 - Shutdown initiated...
2026-03-21T16:13:20.621+03:00  INFO 21744 --- [cinema] [SpringApplicationShutdownHook] com.zaxxer.hikari.HikariDataSource       : HikariPool-1 - Shutdown completed.
2026-03-21T16:13:22.482+03:00  INFO 14840 --- [cinema] [main] pavel.lab.cinema.CinemaApplication       : Starting CinemaApplication using Java 25.0.2 with PID 14840 (X:\Java\cinema\build\classes\java\main started by pavel in X:\Java\cinema)
2026-03-21T16:13:22.485+03:00  INFO 14840 --- [cinema] [main] pavel.lab.cinema.CinemaApplication       : No active profile set, falling back to 1 default profile: "default"
2026-03-21T16:13:22.952+03:00  INFO 14840 --- [cinema] [main] .s.d.r.c.RepositoryConfigurationDelegate : Bootstrapping Spring Data JPA repositories in DEFAULT mode.
2026-03-21T16:13:23.003+03:00  INFO 14840 --- [cinema] [main] .s.d.r.c.RepositoryConfigurationDelegate : Finished Spring Data repository scanning in 44 ms. Found 6 JPA repository interfaces.
2026-03-21T16:13:23.296+03:00  INFO 14840 --- [cinema] [main] o.s.boot.tomcat.TomcatWebServer          : Tomcat initialized with port 8080 (http)
2026-03-21T16:13:23.306+03:00  INFO 14840 --- [cinema] [main] o.apache.catalina.core.StandardService   : Starting service [Tomcat]
2026-03-21T16:13:23.306+03:00  INFO 14840 --- [cinema] [main] o.apache.catalina.core.StandardEngine    : Starting Servlet engine: [Apache Tomcat/11.0.18]
2026-03-21T16:13:23.343+03:00  INFO 14840 --- [cinema] [main] b.w.c.s.WebApplicationContextInitializer : Root WebApplicationContext: initialization completed in 827 ms
2026-03-21T16:13:23.458+03:00  INFO 14840 --- [cinema] [main] org.hibernate.orm.jpa                    : HHH008540: Processing PersistenceUnitInfo [name: default]
2026-03-21T16:13:23.494+03:00  INFO 14840 --- [cinema] [main] org.hibernate.orm.core                   : HHH000001: Hibernate ORM core version 7.2.4.Final
2026-03-21T16:13:23.888+03:00  INFO 14840 --- [cinema] [main] o.s.o.j.p.SpringPersistenceUnitInfo      : No LoadTimeWeaver setup: ignoring JPA class transformer
2026-03-21T16:13:23.913+03:00  INFO 14840 --- [cinema] [main] com.zaxxer.hikari.HikariDataSource       : HikariPool-1 - Starting...
2026-03-21T16:13:24.041+03:00  INFO 14840 --- [cinema] [main] com.zaxxer.hikari.pool.HikariPool        : HikariPool-1 - Added connection org.postgresql.jdbc.PgConnection@26bce60d
2026-03-21T16:13:24.042+03:00  INFO 14840 --- [cinema] [main] com.zaxxer.hikari.HikariDataSource       : HikariPool-1 - Start completed.
2026-03-21T16:13:24.110+03:00  INFO 14840 --- [cinema] [main] org.hibernate.orm.connections.pooling    : HHH10001005: Database info:
	Database JDBC URL [jdbc:postgresql://localhost:5432/my_db]
	Database driver: PostgreSQL JDBC Driver
	Database dialect: PostgreSQLDialect
	Database version: 18.2
	Default catalog/schema: my_db/public
	Autocommit mode: undefined/unknown
	Isolation level: READ_COMMITTED [default READ_COMMITTED]
	JDBC fetch size: none
	Pool: DataSourceConnectionProvider
	Minimum pool size: undefined/unknown
	Maximum pool size: undefined/unknown
2026-03-21T16:13:24.979+03:00  INFO 14840 --- [cinema] [main] org.hibernate.orm.core                   : HHH000489: No JTA platform available (set 'hibernate.transaction.jta.platform' to enable JTA platform integration)
2026-03-21T16:13:25.048+03:00  INFO 14840 --- [cinema] [main] j.LocalContainerEntityManagerFactoryBean : Initialized JPA EntityManagerFactory for persistence unit 'default'
2026-03-21T16:13:25.134+03:00  INFO 14840 --- [cinema] [main] o.s.d.j.r.query.QueryEnhancerFactories   : Hibernate is in classpath; If applicable, HQL parser will be used.
2026-03-21T16:13:25.861+03:00  WARN 14840 --- [cinema] [main] JpaBaseConfiguration$JpaWebConfiguration : spring.jpa.open-in-view is enabled by default. Therefore, database queries may be performed during view rendering. Explicitly configure spring.jpa.open-in-view to disable this warning
2026-03-21T16:13:26.171+03:00  INFO 14840 --- [cinema] [main] o.s.boot.tomcat.TomcatWebServer          : Tomcat started on port 8080 (http) with context path '/'
2026-03-21T16:13:26.176+03:00  INFO 14840 --- [cinema] [main] pavel.lab.cinema.CinemaApplication       : Started CinemaApplication in 3.983 seconds (process running for 4.457)
2026-03-21T16:13:27.868+03:00  INFO 14840 --- [cinema] [http-nio-8080-exec-1] o.a.c.c.C.[Tomcat].[localhost].[/]       : Initializing Spring DispatcherServlet 'dispatcherServlet'
2026-03-21T16:13:27.868+03:00  INFO 14840 --- [cinema] [http-nio-8080-exec-1] o.s.web.servlet.DispatcherServlet        : Initializing Servlet 'dispatcherServlet'
2026-03-21T16:13:27.870+03:00  INFO 14840 --- [cinema] [http-nio-8080-exec-1] o.s.web.servlet.DispatcherServlet        : Completed initialization in 1 ms
2026-03-21T16:13:27.926+03:00 DEBUG 14840 --- [cinema] [http-nio-8080-exec-1] org.hibernate.SQL                        : 
    select
        g1_0.id,
        g1_0.name 
    from
        genres g1_0 
    where
        g1_0.id=?
2026-03-21T16:13:27.927+03:00 TRACE 14840 --- [cinema] [http-nio-8080-exec-1] org.hibernate.orm.jdbc.bind              : binding parameter (1:BIGINT) <- [2]
2026-03-21T16:22:15.093+03:00  INFO 14840 --- [cinema] [SpringApplicationShutdownHook] o.s.boot.tomcat.GracefulShutdown         : Commencing graceful shutdown. Waiting for active requests to complete
2026-03-21T16:22:15.103+03:00  INFO 14840 --- [cinema] [tomcat-shutdown] o.s.boot.tomcat.GracefulShutdown         : Graceful shutdown complete
2026-03-21T16:22:15.106+03:00  INFO 14840 --- [cinema] [SpringApplicationShutdownHook] j.LocalContainerEntityManagerFactoryBean : Closing JPA EntityManagerFactory for persistence unit 'default'
2026-03-21T16:22:15.108+03:00  INFO 14840 --- [cinema] [SpringApplicationShutdownHook] com.zaxxer.hikari.HikariDataSource       : HikariPool-1 - Shutdown initiated...
2026-03-21T16:22:15.110+03:00  INFO 14840 --- [cinema] [SpringApplicationShutdownHook] com.zaxxer.hikari.HikariDataSource       : HikariPool-1 - Shutdown completed.
2026-03-21T16:33:11.558+03:00  INFO 12512 --- [cinema] [main] pavel.lab.cinema.CinemaApplication       : Starting CinemaApplication using Java 25.0.2 with PID 12512 (X:\Java\cinema\build\classes\java\main started by pavel in X:\Java\cinema)
2026-03-21T16:33:11.560+03:00  INFO 12512 --- [cinema] [main] pavel.lab.cinema.CinemaApplication       : No active profile set, falling back to 1 default profile: "default"
2026-03-21T16:33:12.142+03:00  INFO 12512 --- [cinema] [main] .s.d.r.c.RepositoryConfigurationDelegate : Bootstrapping Spring Data JPA repositories in DEFAULT mode.
2026-03-21T16:33:12.197+03:00  INFO 12512 --- [cinema] [main] .s.d.r.c.RepositoryConfigurationDelegate : Finished Spring Data repository scanning in 47 ms. Found 6 JPA repository interfaces.
2026-03-21T16:33:12.650+03:00  INFO 12512 --- [cinema] [main] o.s.boot.tomcat.TomcatWebServer          : Tomcat initialized with port 8080 (http)
2026-03-21T16:33:12.661+03:00  INFO 12512 --- [cinema] [main] o.apache.catalina.core.StandardService   : Starting service [Tomcat]
2026-03-21T16:33:12.661+03:00  INFO 12512 --- [cinema] [main] o.apache.catalina.core.StandardEngine    : Starting Servlet engine: [Apache Tomcat/11.0.18]
2026-03-21T16:33:12.703+03:00  INFO 12512 --- [cinema] [main] b.w.c.s.WebApplicationContextInitializer : Root WebApplicationContext: initialization completed in 1104 ms
2026-03-21T16:33:12.853+03:00  INFO 12512 --- [cinema] [main] org.hibernate.orm.jpa                    : HHH008540: Processing PersistenceUnitInfo [name: default]
2026-03-21T16:33:12.914+03:00  INFO 12512 --- [cinema] [main] org.hibernate.orm.core                   : HHH000001: Hibernate ORM core version 7.2.4.Final
2026-03-21T16:33:13.312+03:00  INFO 12512 --- [cinema] [main] o.s.o.j.p.SpringPersistenceUnitInfo      : No LoadTimeWeaver setup: ignoring JPA class transformer
2026-03-21T16:33:13.342+03:00  INFO 12512 --- [cinema] [main] com.zaxxer.hikari.HikariDataSource       : HikariPool-1 - Starting...
2026-03-21T16:33:13.512+03:00  INFO 12512 --- [cinema] [main] com.zaxxer.hikari.pool.HikariPool        : HikariPool-1 - Added connection org.postgresql.jdbc.PgConnection@17a7d6c8
2026-03-21T16:33:13.513+03:00  INFO 12512 --- [cinema] [main] com.zaxxer.hikari.HikariDataSource       : HikariPool-1 - Start completed.
2026-03-21T16:33:13.608+03:00  INFO 12512 --- [cinema] [main] org.hibernate.orm.connections.pooling    : HHH10001005: Database info:
	Database JDBC URL [jdbc:postgresql://localhost:5432/my_db]
	Database driver: PostgreSQL JDBC Driver
	Database dialect: PostgreSQLDialect
	Database version: 18.2
	Default catalog/schema: my_db/public
	Autocommit mode: undefined/unknown
	Isolation level: READ_COMMITTED [default READ_COMMITTED]
	JDBC fetch size: none
	Pool: DataSourceConnectionProvider
	Minimum pool size: undefined/unknown
	Maximum pool size: undefined/unknown
2026-03-21T16:33:30.026+03:00  INFO 12512 --- [cinema] [main] org.hibernate.orm.core                   : HHH000489: No JTA platform available (set 'hibernate.transaction.jta.platform' to enable JTA platform integration)
2026-03-21T16:33:30.202+03:00  INFO 12512 --- [cinema] [main] j.LocalContainerEntityManagerFactoryBean : Initialized JPA EntityManagerFactory for persistence unit 'default'
2026-03-21T16:33:30.339+03:00  INFO 12512 --- [cinema] [main] o.s.d.j.r.query.QueryEnhancerFactories   : Hibernate is in classpath; If applicable, HQL parser will be used.
2026-03-21T16:33:31.266+03:00  WARN 12512 --- [cinema] [main] JpaBaseConfiguration$JpaWebConfiguration : spring.jpa.open-in-view is enabled by default. Therefore, database queries may be performed during view rendering. Explicitly configure spring.jpa.open-in-view to disable this warning
2026-03-21T16:33:31.689+03:00  INFO 12512 --- [cinema] [main] o.s.boot.tomcat.TomcatWebServer          : Tomcat started on port 8080 (http) with context path '/'
2026-03-21T16:33:31.694+03:00  INFO 12512 --- [cinema] [main] pavel.lab.cinema.CinemaApplication       : Started CinemaApplication in 20.531 seconds (process running for 21.223)
2026-03-21T16:33:38.063+03:00  INFO 12512 --- [cinema] [http-nio-8080-exec-2] o.a.c.c.C.[Tomcat].[localhost].[/]       : Initializing Spring DispatcherServlet 'dispatcherServlet'
2026-03-21T16:33:38.064+03:00  INFO 12512 --- [cinema] [http-nio-8080-exec-2] o.s.web.servlet.DispatcherServlet        : Initializing Servlet 'dispatcherServlet'
2026-03-21T16:33:38.065+03:00  INFO 12512 --- [cinema] [http-nio-8080-exec-2] o.s.web.servlet.DispatcherServlet        : Completed initialization in 1 ms
2026-03-21T16:33:38.130+03:00 DEBUG 12512 --- [cinema] [http-nio-8080-exec-2] org.hibernate.SQL                        : 
    select
        g1_0.id,
        g1_0.name 
    from
        genres g1_0 
    where
        g1_0.id=?
2026-03-21T16:33:38.131+03:00 TRACE 12512 --- [cinema] [http-nio-8080-exec-2] org.hibernate.orm.jdbc.bind              : binding parameter (1:BIGINT) <- [2]
2026-03-21T16:33:38.166+03:00  INFO 12512 --- [cinema] [http-nio-8080-exec-2] pavel.lab.cinema.aop.ExecutionTime       : Метод GenreService.findById(..) выполнен за 62 мс.
2026-03-21T16:34:10.464+03:00 DEBUG 12512 --- [cinema] [http-nio-8080-exec-1] org.hibernate.SQL                        : 
    /* insert 
    for
        pavel.lab.cinema.entity.Movie
        */insert 
    into
        movies (duration, title) 
    values
        (?, ?)
2026-03-21T16:34:10.467+03:00 TRACE 12512 --- [cinema] [http-nio-8080-exec-1] org.hibernate.orm.jdbc.bind              : binding parameter (1:INTEGER) <- [120]
2026-03-21T16:34:10.467+03:00 TRACE 12512 --- [cinema] [http-nio-8080-exec-1] org.hibernate.orm.jdbc.bind              : binding parameter (2:VARCHAR) <- [f]
2026-03-21T16:34:10.481+03:00  INFO 12512 --- [cinema] [http-nio-8080-exec-1] pavel.lab.cinema.aop.ExecutionTime       : Метод MovieService.create(..) выполнен за 35 мс.
2026-03-21T16:34:26.260+03:00 DEBUG 12512 --- [cinema] [http-nio-8080-exec-4] org.hibernate.SQL                        : 
    /* SELECT
        DISTINCT m 
    from
        Movie m 
    LEFT JOIN
        
    FETCH
        m.genres 
    WHERE
        m.id = :id */ select
            distinct m1_0.id,
            m1_0.duration,
            g1_0.movie_id,
            g1_1.id,
            g1_1.name,
            m1_0.title 
        from
            movies m1_0 
        left join
            movies_genres g1_0 
                on m1_0.id=g1_0.movie_id 
        left join
            genres g1_1 
                on g1_1.id=g1_0.genre_id 
        where
            m1_0.id=?
2026-03-21T16:34:26.260+03:00 TRACE 12512 --- [cinema] [http-nio-8080-exec-4] org.hibernate.orm.jdbc.bind              : binding parameter (1:BIGINT) <- [117]
2026-03-21T16:34:41.038+03:00  INFO 12512 --- [cinema] [SpringApplicationShutdownHook] o.s.boot.tomcat.GracefulShutdown         : Commencing graceful shutdown. Waiting for active requests to complete
2026-03-21T16:34:41.043+03:00  INFO 12512 --- [cinema] [tomcat-shutdown] o.s.boot.tomcat.GracefulShutdown         : Graceful shutdown complete
2026-03-21T16:34:41.046+03:00  INFO 12512 --- [cinema] [SpringApplicationShutdownHook] j.LocalContainerEntityManagerFactoryBean : Closing JPA EntityManagerFactory for persistence unit 'default'
2026-03-21T16:34:41.047+03:00  INFO 12512 --- [cinema] [SpringApplicationShutdownHook] com.zaxxer.hikari.HikariDataSource       : HikariPool-1 - Shutdown initiated...
2026-03-21T16:34:41.050+03:00  INFO 12512 --- [cinema] [SpringApplicationShutdownHook] com.zaxxer.hikari.HikariDataSource       : HikariPool-1 - Shutdown completed.
2026-03-21T16:41:45.735+03:00  INFO 9680 --- [cinema] [main] pavel.lab.cinema.CinemaApplication       : Starting CinemaApplication using Java 25.0.2 with PID 9680 (X:\Java\cinema\build\classes\java\main started by pavel in X:\Java\cinema)
2026-03-21T16:41:45.738+03:00  INFO 9680 --- [cinema] [main] pavel.lab.cinema.CinemaApplication       : No active profile set, falling back to 1 default profile: "default"
2026-03-21T16:41:46.220+03:00  INFO 9680 --- [cinema] [main] .s.d.r.c.RepositoryConfigurationDelegate : Bootstrapping Spring Data JPA repositories in DEFAULT mode.
2026-03-21T16:41:46.269+03:00  INFO 9680 --- [cinema] [main] .s.d.r.c.RepositoryConfigurationDelegate : Finished Spring Data repository scanning in 42 ms. Found 6 JPA repository interfaces.
2026-03-21T16:41:46.640+03:00  INFO 9680 --- [cinema] [main] o.s.boot.tomcat.TomcatWebServer          : Tomcat initialized with port 8080 (http)
2026-03-21T16:41:46.650+03:00  INFO 9680 --- [cinema] [main] o.apache.catalina.core.StandardService   : Starting service [Tomcat]
2026-03-21T16:41:46.650+03:00  INFO 9680 --- [cinema] [main] o.apache.catalina.core.StandardEngine    : Starting Servlet engine: [Apache Tomcat/11.0.18]
2026-03-21T16:41:46.686+03:00  INFO 9680 --- [cinema] [main] b.w.c.s.WebApplicationContextInitializer : Root WebApplicationContext: initialization completed in 917 ms
2026-03-21T16:41:46.816+03:00  INFO 9680 --- [cinema] [main] org.hibernate.orm.jpa                    : HHH008540: Processing PersistenceUnitInfo [name: default]
2026-03-21T16:41:46.861+03:00  INFO 9680 --- [cinema] [main] org.hibernate.orm.core                   : HHH000001: Hibernate ORM core version 7.2.4.Final
2026-03-21T16:41:47.190+03:00  INFO 9680 --- [cinema] [main] o.s.o.j.p.SpringPersistenceUnitInfo      : No LoadTimeWeaver setup: ignoring JPA class transformer
2026-03-21T16:41:47.218+03:00  INFO 9680 --- [cinema] [main] com.zaxxer.hikari.HikariDataSource       : HikariPool-1 - Starting...
2026-03-21T16:41:47.353+03:00  INFO 9680 --- [cinema] [main] com.zaxxer.hikari.pool.HikariPool        : HikariPool-1 - Added connection org.postgresql.jdbc.PgConnection@626df173
2026-03-21T16:41:47.354+03:00  INFO 9680 --- [cinema] [main] com.zaxxer.hikari.HikariDataSource       : HikariPool-1 - Start completed.
2026-03-21T16:41:47.418+03:00  INFO 9680 --- [cinema] [main] org.hibernate.orm.connections.pooling    : HHH10001005: Database info:
	Database JDBC URL [jdbc:postgresql://localhost:5432/my_db]
	Database driver: PostgreSQL JDBC Driver
	Database dialect: PostgreSQLDialect
	Database version: 18.2
	Default catalog/schema: my_db/public
	Autocommit mode: undefined/unknown
	Isolation level: READ_COMMITTED [default READ_COMMITTED]
	JDBC fetch size: none
	Pool: DataSourceConnectionProvider
	Minimum pool size: undefined/unknown
	Maximum pool size: undefined/unknown
2026-03-21T16:41:48.176+03:00  INFO 9680 --- [cinema] [main] org.hibernate.orm.core                   : HHH000489: No JTA platform available (set 'hibernate.transaction.jta.platform' to enable JTA platform integration)
2026-03-21T16:41:48.277+03:00  INFO 9680 --- [cinema] [main] j.LocalContainerEntityManagerFactoryBean : Initialized JPA EntityManagerFactory for persistence unit 'default'
2026-03-21T16:41:48.363+03:00  INFO 9680 --- [cinema] [main] o.s.d.j.r.query.QueryEnhancerFactories   : Hibernate is in classpath; If applicable, HQL parser will be used.
2026-03-21T16:41:49.003+03:00  WARN 9680 --- [cinema] [main] JpaBaseConfiguration$JpaWebConfiguration : spring.jpa.open-in-view is enabled by default. Therefore, database queries may be performed during view rendering. Explicitly configure spring.jpa.open-in-view to disable this warning
2026-03-21T16:41:49.321+03:00  INFO 9680 --- [cinema] [main] o.s.boot.tomcat.TomcatWebServer          : Tomcat started on port 8080 (http) with context path '/'
2026-03-21T16:41:49.325+03:00  INFO 9680 --- [cinema] [main] pavel.lab.cinema.CinemaApplication       : Started CinemaApplication in 3.918 seconds (process running for 4.48)
2026-03-21T16:41:55.264+03:00  INFO 9680 --- [cinema] [http-nio-8080-exec-1] o.a.c.c.C.[Tomcat].[localhost].[/]       : Initializing Spring DispatcherServlet 'dispatcherServlet'
2026-03-21T16:41:55.265+03:00  INFO 9680 --- [cinema] [http-nio-8080-exec-1] o.s.web.servlet.DispatcherServlet        : Initializing Servlet 'dispatcherServlet'
2026-03-21T16:41:55.266+03:00  INFO 9680 --- [cinema] [http-nio-8080-exec-1] o.s.web.servlet.DispatcherServlet        : Completed initialization in 1 ms
2026-03-21T16:41:55.389+03:00 DEBUG 9680 --- [cinema] [http-nio-8080-exec-1] org.hibernate.SQL                        : 
    /* SELECT
        DISTINCT m 
    from
        Movie m 
    LEFT JOIN
        
    FETCH
        m.genres 
    WHERE
        m.id = :id */ select
            distinct m1_0.id,
            m1_0.duration,
            g1_0.movie_id,
            g1_1.id,
            g1_1.name,
            m1_0.title 
        from
            movies m1_0 
        left join
            movies_genres g1_0 
                on m1_0.id=g1_0.movie_id 
        left join
            genres g1_1 
                on g1_1.id=g1_0.genre_id 
        where
            m1_0.id=?
2026-03-21T16:41:55.391+03:00 TRACE 9680 --- [cinema] [http-nio-8080-exec-1] org.hibernate.orm.jdbc.bind              : binding parameter (1:BIGINT) <- [117]
2026-03-21T16:42:02.725+03:00 DEBUG 9680 --- [cinema] [http-nio-8080-exec-3] org.hibernate.SQL                        : 
    /* SELECT
        DISTINCT s 
    FROM
        Session s 
    LEFT JOIN
        
    FETCH
        s.movie 
    LEFT JOIN
        
    FETCH
        s.hall 
    WHERE
        s.id = :id */ select
            distinct s1_0.id,
            h1_0.id,
            h1_0.name,
            h1_0.price,
            h1_0.seat_amount,
            s1_0.movie_id,
            m1_0.id,
            m1_0.duration,
            m1_0.title,
            s1_0.start_time 
        from
            sessions s1_0 
        left join
            movies m1_0 
                on m1_0.id=s1_0.movie_id 
        left join
            halls h1_0 
                on h1_0.id=s1_0.hall_id 
        where
            s1_0.id=?
2026-03-21T16:42:02.725+03:00 TRACE 9680 --- [cinema] [http-nio-8080-exec-3] org.hibernate.orm.jdbc.bind              : binding parameter (1:BIGINT) <- [133]
2026-03-21T16:42:13.214+03:00 DEBUG 9680 --- [cinema] [http-nio-8080-exec-4] org.hibernate.SQL                        : 
    select
        v1_0.id,
        v1_0.email,
        v1_0.name 
    from
        visitors v1_0 
    where
        v1_0.id=?
2026-03-21T16:42:13.215+03:00 TRACE 9680 --- [cinema] [http-nio-8080-exec-4] org.hibernate.orm.jdbc.bind              : binding parameter (1:BIGINT) <- [144]
2026-03-21T16:42:19.240+03:00  INFO 9680 --- [cinema] [SpringApplicationShutdownHook] o.s.boot.tomcat.GracefulShutdown         : Commencing graceful shutdown. Waiting for active requests to complete
2026-03-21T16:42:19.247+03:00  INFO 9680 --- [cinema] [tomcat-shutdown] o.s.boot.tomcat.GracefulShutdown         : Graceful shutdown complete
2026-03-21T16:42:19.251+03:00  INFO 9680 --- [cinema] [SpringApplicationShutdownHook] j.LocalContainerEntityManagerFactoryBean : Closing JPA EntityManagerFactory for persistence unit 'default'
2026-03-21T16:42:19.252+03:00  INFO 9680 --- [cinema] [SpringApplicationShutdownHook] com.zaxxer.hikari.HikariDataSource       : HikariPool-1 - Shutdown initiated...
2026-03-21T16:42:19.255+03:00  INFO 9680 --- [cinema] [SpringApplicationShutdownHook] com.zaxxer.hikari.HikariDataSource       : HikariPool-1 - Shutdown completed.
2026-03-21T16:44:04.699+03:00  INFO 5376 --- [cinema] [main] pavel.lab.cinema.CinemaApplication       : Starting CinemaApplication using Java 25.0.2 with PID 5376 (X:\Java\cinema\build\classes\java\main started by pavel in X:\Java\cinema)
2026-03-21T16:44:04.701+03:00  INFO 5376 --- [cinema] [main] pavel.lab.cinema.CinemaApplication       : No active profile set, falling back to 1 default profile: "default"
2026-03-21T16:44:05.282+03:00  INFO 5376 --- [cinema] [main] .s.d.r.c.RepositoryConfigurationDelegate : Bootstrapping Spring Data JPA repositories in DEFAULT mode.
2026-03-21T16:44:05.332+03:00  INFO 5376 --- [cinema] [main] .s.d.r.c.RepositoryConfigurationDelegate : Finished Spring Data repository scanning in 44 ms. Found 6 JPA repository interfaces.
2026-03-21T16:44:05.727+03:00  INFO 5376 --- [cinema] [main] o.s.boot.tomcat.TomcatWebServer          : Tomcat initialized with port 8080 (http)
2026-03-21T16:44:05.737+03:00  INFO 5376 --- [cinema] [main] o.apache.catalina.core.StandardService   : Starting service [Tomcat]
2026-03-21T16:44:05.737+03:00  INFO 5376 --- [cinema] [main] o.apache.catalina.core.StandardEngine    : Starting Servlet engine: [Apache Tomcat/11.0.18]
2026-03-21T16:44:05.784+03:00  INFO 5376 --- [cinema] [main] b.w.c.s.WebApplicationContextInitializer : Root WebApplicationContext: initialization completed in 1052 ms
2026-03-21T16:44:05.914+03:00  INFO 5376 --- [cinema] [main] org.hibernate.orm.jpa                    : HHH008540: Processing PersistenceUnitInfo [name: default]
2026-03-21T16:44:05.954+03:00  INFO 5376 --- [cinema] [main] org.hibernate.orm.core                   : HHH000001: Hibernate ORM core version 7.2.4.Final
2026-03-21T16:44:06.281+03:00  INFO 5376 --- [cinema] [main] o.s.o.j.p.SpringPersistenceUnitInfo      : No LoadTimeWeaver setup: ignoring JPA class transformer
2026-03-21T16:44:06.305+03:00  INFO 5376 --- [cinema] [main] com.zaxxer.hikari.HikariDataSource       : HikariPool-1 - Starting...
2026-03-21T16:44:06.527+03:00  INFO 5376 --- [cinema] [main] com.zaxxer.hikari.pool.HikariPool        : HikariPool-1 - Added connection org.postgresql.jdbc.PgConnection@71eafb64
2026-03-21T16:44:06.528+03:00  INFO 5376 --- [cinema] [main] com.zaxxer.hikari.HikariDataSource       : HikariPool-1 - Start completed.
2026-03-21T16:44:06.581+03:00  INFO 5376 --- [cinema] [main] org.hibernate.orm.connections.pooling    : HHH10001005: Database info:
	Database JDBC URL [jdbc:postgresql://localhost:5432/my_db]
	Database driver: PostgreSQL JDBC Driver
	Database dialect: PostgreSQLDialect
	Database version: 18.2
	Default catalog/schema: my_db/public
	Autocommit mode: undefined/unknown
	Isolation level: READ_COMMITTED [default READ_COMMITTED]
	JDBC fetch size: none
	Pool: DataSourceConnectionProvider
	Minimum pool size: undefined/unknown
	Maximum pool size: undefined/unknown
2026-03-21T16:44:07.341+03:00  INFO 5376 --- [cinema] [main] org.hibernate.orm.core                   : HHH000489: No JTA platform available (set 'hibernate.transaction.jta.platform' to enable JTA platform integration)
2026-03-21T16:44:07.410+03:00  INFO 5376 --- [cinema] [main] j.LocalContainerEntityManagerFactoryBean : Initialized JPA EntityManagerFactory for persistence unit 'default'
2026-03-21T16:44:07.500+03:00  INFO 5376 --- [cinema] [main] o.s.d.j.r.query.QueryEnhancerFactories   : Hibernate is in classpath; If applicable, HQL parser will be used.
2026-03-21T16:44:08.290+03:00  WARN 5376 --- [cinema] [main] JpaBaseConfiguration$JpaWebConfiguration : spring.jpa.open-in-view is enabled by default. Therefore, database queries may be performed during view rendering. Explicitly configure spring.jpa.open-in-view to disable this warning
2026-03-21T16:44:08.684+03:00  INFO 5376 --- [cinema] [main] o.s.boot.tomcat.TomcatWebServer          : Tomcat started on port 8080 (http) with context path '/'
2026-03-21T16:44:08.689+03:00  INFO 5376 --- [cinema] [main] pavel.lab.cinema.CinemaApplication       : Started CinemaApplication in 4.351 seconds (process running for 4.871)
2026-03-21T16:44:08.691+03:00  WARN 5376 --- [cinema] [main] o.s.core.events.SpringDocAppInitializer  : SpringDoc /v3/api-docs endpoint is enabled by default. To disable it in production, set the property 'springdoc.api-docs.enabled=false'
2026-03-21T16:44:08.691+03:00  WARN 5376 --- [cinema] [main] o.s.core.events.SpringDocAppInitializer  : SpringDoc /swagger-ui.html endpoint is enabled by default. To disable it in production, set the property 'springdoc.swagger-ui.enabled=false'
2026-03-21T16:44:25.830+03:00  INFO 5376 --- [cinema] [http-nio-8080-exec-1] o.a.c.c.C.[Tomcat].[localhost].[/]       : Initializing Spring DispatcherServlet 'dispatcherServlet'
2026-03-21T16:44:25.831+03:00  INFO 5376 --- [cinema] [http-nio-8080-exec-1] o.s.web.servlet.DispatcherServlet        : Initializing Servlet 'dispatcherServlet'
2026-03-21T16:44:25.831+03:00  INFO 5376 --- [cinema] [http-nio-8080-exec-1] o.s.web.servlet.DispatcherServlet        : Completed initialization in 0 ms
2026-03-21T16:44:26.558+03:00  INFO 5376 --- [cinema] [http-nio-8080-exec-9] o.springdoc.api.AbstractOpenApiResource  : Init duration for springdoc-openapi is: 400 ms
2026-03-21T16:48:00.113+03:00 DEBUG 5376 --- [cinema] [http-nio-8080-exec-3] org.hibernate.SQL                        : 
    select
        v1_0.id,
        v1_0.email,
        v1_0.name 
    from
        visitors v1_0 
    where
        v1_0.id=?
2026-03-21T16:48:00.116+03:00 TRACE 5376 --- [cinema] [http-nio-8080-exec-3] org.hibernate.orm.jdbc.bind              : binding parameter (1:BIGINT) <- [2]
2026-03-21T16:48:00.144+03:00  INFO 5376 --- [cinema] [http-nio-8080-exec-3] pavel.lab.cinema.aop.ExecutionTime       : Метод VisitorService.update(..) выполнен за 49 мс.
2026-03-21T16:48:00.160+03:00 DEBUG 5376 --- [cinema] [http-nio-8080-exec-3] org.hibernate.SQL                        : 
    /* update
        
    for
        pavel.lab.cinema.entity.Visitor */update visitors 
    set
        email=?,
        name=? 
    where
        id=?
2026-03-21T16:48:00.162+03:00 TRACE 5376 --- [cinema] [http-nio-8080-exec-3] org.hibernate.orm.jdbc.bind              : binding parameter (1:VARCHAR) <- [user@example.com]
2026-03-21T16:48:00.162+03:00 TRACE 5376 --- [cinema] [http-nio-8080-exec-3] org.hibernate.orm.jdbc.bind              : binding parameter (2:VARCHAR) <- [string]
2026-03-21T16:48:00.162+03:00 TRACE 5376 --- [cinema] [http-nio-8080-exec-3] org.hibernate.orm.jdbc.bind              : binding parameter (3:BIGINT) <- [2]
2026-03-21T16:48:02.259+03:00 DEBUG 5376 --- [cinema] [http-nio-8080-exec-1] org.hibernate.SQL                        : 
    select
        v1_0.id,
        v1_0.email,
        v1_0.name 
    from
        visitors v1_0 
    where
        v1_0.id=?
2026-03-21T16:48:02.259+03:00 TRACE 5376 --- [cinema] [http-nio-8080-exec-1] org.hibernate.orm.jdbc.bind              : binding parameter (1:BIGINT) <- [2]
2026-03-21T16:48:02.262+03:00  INFO 5376 --- [cinema] [http-nio-8080-exec-1] pavel.lab.cinema.aop.ExecutionTime       : Метод VisitorService.update(..) выполнен за 3 мс.
2026-03-21T16:48:03.096+03:00 DEBUG 5376 --- [cinema] [http-nio-8080-exec-2] org.hibernate.SQL                        : 
    select
        v1_0.id,
        v1_0.email,
        v1_0.name 
    from
        visitors v1_0 
    where
        v1_0.id=?
2026-03-21T16:48:03.096+03:00 TRACE 5376 --- [cinema] [http-nio-8080-exec-2] org.hibernate.orm.jdbc.bind              : binding parameter (1:BIGINT) <- [2]
2026-03-21T16:48:03.097+03:00  INFO 5376 --- [cinema] [http-nio-8080-exec-2] pavel.lab.cinema.aop.ExecutionTime       : Метод VisitorService.update(..) выполнен за 2 мс.
2026-03-21T16:48:03.581+03:00 DEBUG 5376 --- [cinema] [http-nio-8080-exec-10] org.hibernate.SQL                        : 
    select
        v1_0.id,
        v1_0.email,
        v1_0.name 
    from
        visitors v1_0 
    where
        v1_0.id=?
2026-03-21T16:48:03.582+03:00 TRACE 5376 --- [cinema] [http-nio-8080-exec-10] org.hibernate.orm.jdbc.bind              : binding parameter (1:BIGINT) <- [2]
2026-03-21T16:48:03.583+03:00  INFO 5376 --- [cinema] [http-nio-8080-exec-10] pavel.lab.cinema.aop.ExecutionTime       : Метод VisitorService.update(..) выполнен за 2 мс.
2026-03-21T16:48:04.001+03:00 DEBUG 5376 --- [cinema] [http-nio-8080-exec-5] org.hibernate.SQL                        : 
    select
        v1_0.id,
        v1_0.email,
        v1_0.name 
    from
        visitors v1_0 
    where
        v1_0.id=?
2026-03-21T16:48:04.001+03:00 TRACE 5376 --- [cinema] [http-nio-8080-exec-5] org.hibernate.orm.jdbc.bind              : binding parameter (1:BIGINT) <- [2]
2026-03-21T16:48:04.002+03:00  INFO 5376 --- [cinema] [http-nio-8080-exec-5] pavel.lab.cinema.aop.ExecutionTime       : Метод VisitorService.update(..) выполнен за 1 мс.
2026-03-21T16:48:15.438+03:00 DEBUG 5376 --- [cinema] [http-nio-8080-exec-4] org.hibernate.SQL                        : 
    select
        v1_0.id,
        v1_0.email,
        v1_0.name 
    from
        visitors v1_0 
    where
        v1_0.id=?
2026-03-21T16:48:15.438+03:00 TRACE 5376 --- [cinema] [http-nio-8080-exec-4] org.hibernate.orm.jdbc.bind              : binding parameter (1:BIGINT) <- [2]
2026-03-21T16:48:15.439+03:00  INFO 5376 --- [cinema] [http-nio-8080-exec-4] pavel.lab.cinema.aop.ExecutionTime       : Метод VisitorService.findById(..) выполнен за 1 мс.
2026-03-21T16:48:17.865+03:00 DEBUG 5376 --- [cinema] [http-nio-8080-exec-8] org.hibernate.SQL                        : 
    select
        v1_0.id,
        v1_0.email,
        v1_0.name 
    from
        visitors v1_0 
    where
        v1_0.id=?
2026-03-21T16:48:17.866+03:00 TRACE 5376 --- [cinema] [http-nio-8080-exec-8] org.hibernate.orm.jdbc.bind              : binding parameter (1:BIGINT) <- [2]
2026-03-21T16:48:17.866+03:00  INFO 5376 --- [cinema] [http-nio-8080-exec-8] pavel.lab.cinema.aop.ExecutionTime       : Метод VisitorService.findById(..) выполнен за 1 мс.
2026-03-21T16:48:18.507+03:00 DEBUG 5376 --- [cinema] [http-nio-8080-exec-6] org.hibernate.SQL                        : 
    select
        v1_0.id,
        v1_0.email,
        v1_0.name 
    from
        visitors v1_0 
    where
        v1_0.id=?
2026-03-21T16:48:18.508+03:00 TRACE 5376 --- [cinema] [http-nio-8080-exec-6] org.hibernate.orm.jdbc.bind              : binding parameter (1:BIGINT) <- [2]
2026-03-21T16:48:18.508+03:00  INFO 5376 --- [cinema] [http-nio-8080-exec-6] pavel.lab.cinema.aop.ExecutionTime       : Метод VisitorService.findById(..) выполнен за 1 мс.
2026-03-21T16:48:19.000+03:00 DEBUG 5376 --- [cinema] [http-nio-8080-exec-7] org.hibernate.SQL                        : 
    select
        v1_0.id,
        v1_0.email,
        v1_0.name 
    from
        visitors v1_0 
    where
        v1_0.id=?
2026-03-21T16:48:19.000+03:00 TRACE 5376 --- [cinema] [http-nio-8080-exec-7] org.hibernate.orm.jdbc.bind              : binding parameter (1:BIGINT) <- [2]
2026-03-21T16:48:19.001+03:00  INFO 5376 --- [cinema] [http-nio-8080-exec-7] pavel.lab.cinema.aop.ExecutionTime       : Метод VisitorService.findById(..) выполнен за 2 мс.
2026-03-21T16:48:19.991+03:00 DEBUG 5376 --- [cinema] [http-nio-8080-exec-9] org.hibernate.SQL                        : 
    select
        v1_0.id,
        v1_0.email,
        v1_0.name 
    from
        visitors v1_0 
    where
        v1_0.id=?
2026-03-21T16:48:19.992+03:00 TRACE 5376 --- [cinema] [http-nio-8080-exec-9] org.hibernate.orm.jdbc.bind              : binding parameter (1:BIGINT) <- [2]
2026-03-21T16:48:19.992+03:00  INFO 5376 --- [cinema] [http-nio-8080-exec-9] pavel.lab.cinema.aop.ExecutionTime       : Метод VisitorService.findById(..) выполнен за 1 мс.
2026-03-21T16:48:42.183+03:00 DEBUG 5376 --- [cinema] [http-nio-8080-exec-3] org.hibernate.SQL                        : 
    /* SELECT
        t 
    FROM
        Ticket t 
    WHERE
        t.id = :id */ select
            t1_0.id,
            t1_0.seat_number,
            t1_0.session_id,
            s1_0.id,
            h1_0.id,
            h1_0.name,
            h1_0.price,
            h1_0.seat_amount,
            s1_0.movie_id,
            m1_0.id,
            m1_0.duration,
            m1_0.title,
            s1_0.start_time,
            t1_0.visitor_id,
            v1_0.id,
            v1_0.email,
            v1_0.name 
        from
            tickets t1_0 
        join
            sessions s1_0 
                on s1_0.id=t1_0.session_id 
        left join
            halls h1_0 
                on h1_0.id=s1_0.hall_id 
        join
            movies m1_0 
                on m1_0.id=s1_0.movie_id 
        join
            visitors v1_0 
                on v1_0.id=t1_0.visitor_id 
        where
            t1_0.id=?
2026-03-21T16:48:42.184+03:00 TRACE 5376 --- [cinema] [http-nio-8080-exec-3] org.hibernate.orm.jdbc.bind              : binding parameter (1:BIGINT) <- [3]
2026-03-21T16:48:42.196+03:00  INFO 5376 --- [cinema] [http-nio-8080-exec-3] pavel.lab.cinema.aop.ExecutionTime       : Метод TicketService.findGoodById(..) выполнен за 103 мс.
2026-03-21T16:48:59.633+03:00 DEBUG 5376 --- [cinema] [http-nio-8080-exec-1] org.hibernate.SQL                        : 
    select
        v1_0.id,
        v1_0.email,
        v1_0.name 
    from
        visitors v1_0 
    where
        v1_0.id=?
2026-03-21T16:48:59.634+03:00 TRACE 5376 --- [cinema] [http-nio-8080-exec-1] org.hibernate.orm.jdbc.bind              : binding parameter (1:BIGINT) <- [4]
2026-03-21T16:48:59.634+03:00  INFO 5376 --- [cinema] [http-nio-8080-exec-1] pavel.lab.cinema.aop.ExecutionTime       : Метод VisitorService.findById(..) выполнен за 1 мс.
2026-03-21T17:04:58.718+03:00  INFO 5376 --- [cinema] [SpringApplicationShutdownHook] o.s.boot.tomcat.GracefulShutdown         : Commencing graceful shutdown. Waiting for active requests to complete
2026-03-21T17:04:58.728+03:00  INFO 5376 --- [cinema] [tomcat-shutdown] o.s.boot.tomcat.GracefulShutdown         : Graceful shutdown complete
2026-03-21T17:04:58.731+03:00  INFO 5376 --- [cinema] [SpringApplicationShutdownHook] j.LocalContainerEntityManagerFactoryBean : Closing JPA EntityManagerFactory for persistence unit 'default'
2026-03-21T17:04:58.733+03:00  INFO 5376 --- [cinema] [SpringApplicationShutdownHook] com.zaxxer.hikari.HikariDataSource       : HikariPool-1 - Shutdown initiated...
2026-03-21T17:04:58.735+03:00  INFO 5376 --- [cinema] [SpringApplicationShutdownHook] com.zaxxer.hikari.HikariDataSource       : HikariPool-1 - Shutdown completed.
2026-03-21T17:05:13.652+03:00  INFO 14744 --- [cinema] [main] pavel.lab.cinema.CinemaApplication       : Starting CinemaApplication using Java 25.0.2 with PID 14744 (X:\Java\cinema\build\classes\java\main started by pavel in X:\Java\cinema)
2026-03-21T17:05:13.655+03:00  INFO 14744 --- [cinema] [main] pavel.lab.cinema.CinemaApplication       : No active profile set, falling back to 1 default profile: "default"
2026-03-21T17:05:14.252+03:00  INFO 14744 --- [cinema] [main] .s.d.r.c.RepositoryConfigurationDelegate : Bootstrapping Spring Data JPA repositories in DEFAULT mode.
2026-03-21T17:05:14.303+03:00  INFO 14744 --- [cinema] [main] .s.d.r.c.RepositoryConfigurationDelegate : Finished Spring Data repository scanning in 45 ms. Found 6 JPA repository interfaces.
2026-03-21T17:05:14.716+03:00  INFO 14744 --- [cinema] [main] o.s.boot.tomcat.TomcatWebServer          : Tomcat initialized with port 8080 (http)
2026-03-21T17:05:14.728+03:00  INFO 14744 --- [cinema] [main] o.apache.catalina.core.StandardService   : Starting service [Tomcat]
2026-03-21T17:05:14.728+03:00  INFO 14744 --- [cinema] [main] o.apache.catalina.core.StandardEngine    : Starting Servlet engine: [Apache Tomcat/11.0.18]
2026-03-21T17:05:14.775+03:00  INFO 14744 --- [cinema] [main] b.w.c.s.WebApplicationContextInitializer : Root WebApplicationContext: initialization completed in 1086 ms
2026-03-21T17:05:14.923+03:00  INFO 14744 --- [cinema] [main] org.hibernate.orm.jpa                    : HHH008540: Processing PersistenceUnitInfo [name: default]
2026-03-21T17:05:14.984+03:00  INFO 14744 --- [cinema] [main] org.hibernate.orm.core                   : HHH000001: Hibernate ORM core version 7.2.4.Final
2026-03-21T17:05:15.384+03:00  INFO 14744 --- [cinema] [main] o.s.o.j.p.SpringPersistenceUnitInfo      : No LoadTimeWeaver setup: ignoring JPA class transformer
2026-03-21T17:05:15.414+03:00  INFO 14744 --- [cinema] [main] com.zaxxer.hikari.HikariDataSource       : HikariPool-1 - Starting...
2026-03-21T17:05:15.539+03:00  INFO 14744 --- [cinema] [main] com.zaxxer.hikari.pool.HikariPool        : HikariPool-1 - Added connection org.postgresql.jdbc.PgConnection@1e4c4fda
2026-03-21T17:05:15.540+03:00  INFO 14744 --- [cinema] [main] com.zaxxer.hikari.HikariDataSource       : HikariPool-1 - Start completed.
2026-03-21T17:05:15.604+03:00  INFO 14744 --- [cinema] [main] org.hibernate.orm.connections.pooling    : HHH10001005: Database info:
	Database JDBC URL [jdbc:postgresql://localhost:5432/my_db]
	Database driver: PostgreSQL JDBC Driver
	Database dialect: PostgreSQLDialect
	Database version: 18.2
	Default catalog/schema: my_db/public
	Autocommit mode: undefined/unknown
	Isolation level: READ_COMMITTED [default READ_COMMITTED]
	JDBC fetch size: none
	Pool: DataSourceConnectionProvider
	Minimum pool size: undefined/unknown
	Maximum pool size: undefined/unknown
2026-03-21T17:05:16.446+03:00  INFO 14744 --- [cinema] [main] org.hibernate.orm.core                   : HHH000489: No JTA platform available (set 'hibernate.transaction.jta.platform' to enable JTA platform integration)
2026-03-21T17:05:16.509+03:00  INFO 14744 --- [cinema] [main] j.LocalContainerEntityManagerFactoryBean : Initialized JPA EntityManagerFactory for persistence unit 'default'
2026-03-21T17:05:16.592+03:00  INFO 14744 --- [cinema] [main] o.s.d.j.r.query.QueryEnhancerFactories   : Hibernate is in classpath; If applicable, HQL parser will be used.
2026-03-21T17:05:17.316+03:00  WARN 14744 --- [cinema] [main] JpaBaseConfiguration$JpaWebConfiguration : spring.jpa.open-in-view is enabled by default. Therefore, database queries may be performed during view rendering. Explicitly configure spring.jpa.open-in-view to disable this warning
2026-03-21T17:05:17.701+03:00  INFO 14744 --- [cinema] [main] o.s.boot.tomcat.TomcatWebServer          : Tomcat started on port 8080 (http) with context path '/'
2026-03-21T17:05:17.704+03:00  INFO 14744 --- [cinema] [main] pavel.lab.cinema.CinemaApplication       : Started CinemaApplication in 4.394 seconds (process running for 4.907)
2026-03-21T17:05:17.707+03:00  WARN 14744 --- [cinema] [main] o.s.core.events.SpringDocAppInitializer  : SpringDoc /swagger-ui.html endpoint is enabled by default. To disable it in production, set the property 'springdoc.swagger-ui.enabled=false'
2026-03-21T17:05:21.037+03:00  INFO 14744 --- [cinema] [http-nio-8080-exec-1] o.a.c.c.C.[Tomcat].[localhost].[/]       : Initializing Spring DispatcherServlet 'dispatcherServlet'
2026-03-21T17:05:21.037+03:00  INFO 14744 --- [cinema] [http-nio-8080-exec-1] o.s.web.servlet.DispatcherServlet        : Initializing Servlet 'dispatcherServlet'
2026-03-21T17:05:21.038+03:00  INFO 14744 --- [cinema] [http-nio-8080-exec-1] o.s.web.servlet.DispatcherServlet        : Completed initialization in 0 ms
2026-03-21T17:05:46.475+03:00  INFO 14744 --- [cinema] [SpringApplicationShutdownHook] o.s.boot.tomcat.GracefulShutdown         : Commencing graceful shutdown. Waiting for active requests to complete
2026-03-21T17:05:46.481+03:00  INFO 14744 --- [cinema] [tomcat-shutdown] o.s.boot.tomcat.GracefulShutdown         : Graceful shutdown complete
2026-03-21T17:05:46.485+03:00  INFO 14744 --- [cinema] [SpringApplicationShutdownHook] j.LocalContainerEntityManagerFactoryBean : Closing JPA EntityManagerFactory for persistence unit 'default'
2026-03-21T17:05:46.488+03:00  INFO 14744 --- [cinema] [SpringApplicationShutdownHook] com.zaxxer.hikari.HikariDataSource       : HikariPool-1 - Shutdown initiated...
2026-03-21T17:05:46.491+03:00  INFO 14744 --- [cinema] [SpringApplicationShutdownHook] com.zaxxer.hikari.HikariDataSource       : HikariPool-1 - Shutdown completed.
2026-03-21T17:05:48.443+03:00  INFO 10832 --- [cinema] [main] pavel.lab.cinema.CinemaApplication       : Starting CinemaApplication using Java 25.0.2 with PID 10832 (X:\Java\cinema\build\classes\java\main started by pavel in X:\Java\cinema)
2026-03-21T17:05:48.445+03:00  INFO 10832 --- [cinema] [main] pavel.lab.cinema.CinemaApplication       : No active profile set, falling back to 1 default profile: "default"
2026-03-21T17:05:48.993+03:00  INFO 10832 --- [cinema] [main] .s.d.r.c.RepositoryConfigurationDelegate : Bootstrapping Spring Data JPA repositories in DEFAULT mode.
2026-03-21T17:05:49.042+03:00  INFO 10832 --- [cinema] [main] .s.d.r.c.RepositoryConfigurationDelegate : Finished Spring Data repository scanning in 42 ms. Found 6 JPA repository interfaces.
2026-03-21T17:05:49.440+03:00  INFO 10832 --- [cinema] [main] o.s.boot.tomcat.TomcatWebServer          : Tomcat initialized with port 8080 (http)
2026-03-21T17:05:49.448+03:00  INFO 10832 --- [cinema] [main] o.apache.catalina.core.StandardService   : Starting service [Tomcat]
2026-03-21T17:05:49.449+03:00  INFO 10832 --- [cinema] [main] o.apache.catalina.core.StandardEngine    : Starting Servlet engine: [Apache Tomcat/11.0.18]
2026-03-21T17:05:49.488+03:00  INFO 10832 --- [cinema] [main] b.w.c.s.WebApplicationContextInitializer : Root WebApplicationContext: initialization completed in 1014 ms
2026-03-21T17:05:49.613+03:00  INFO 10832 --- [cinema] [main] org.hibernate.orm.jpa                    : HHH008540: Processing PersistenceUnitInfo [name: default]
2026-03-21T17:05:49.648+03:00  INFO 10832 --- [cinema] [main] org.hibernate.orm.core                   : HHH000001: Hibernate ORM core version 7.2.4.Final
2026-03-21T17:05:49.972+03:00  INFO 10832 --- [cinema] [main] o.s.o.j.p.SpringPersistenceUnitInfo      : No LoadTimeWeaver setup: ignoring JPA class transformer
2026-03-21T17:05:49.994+03:00  INFO 10832 --- [cinema] [main] com.zaxxer.hikari.HikariDataSource       : HikariPool-1 - Starting...
2026-03-21T17:05:50.104+03:00  INFO 10832 --- [cinema] [main] com.zaxxer.hikari.pool.HikariPool        : HikariPool-1 - Added connection org.postgresql.jdbc.PgConnection@1e4c4fda
2026-03-21T17:05:50.106+03:00  INFO 10832 --- [cinema] [main] com.zaxxer.hikari.HikariDataSource       : HikariPool-1 - Start completed.
2026-03-21T17:05:50.158+03:00  INFO 10832 --- [cinema] [main] org.hibernate.orm.connections.pooling    : HHH10001005: Database info:
	Database JDBC URL [jdbc:postgresql://localhost:5432/my_db]
	Database driver: PostgreSQL JDBC Driver
	Database dialect: PostgreSQLDialect
	Database version: 18.2
	Default catalog/schema: my_db/public
	Autocommit mode: undefined/unknown
	Isolation level: READ_COMMITTED [default READ_COMMITTED]
	JDBC fetch size: none
	Pool: DataSourceConnectionProvider
	Minimum pool size: undefined/unknown
	Maximum pool size: undefined/unknown
2026-03-21T17:05:50.881+03:00  INFO 10832 --- [cinema] [main] org.hibernate.orm.core                   : HHH000489: No JTA platform available (set 'hibernate.transaction.jta.platform' to enable JTA platform integration)
2026-03-21T17:05:50.944+03:00  INFO 10832 --- [cinema] [main] j.LocalContainerEntityManagerFactoryBean : Initialized JPA EntityManagerFactory for persistence unit 'default'
2026-03-21T17:05:51.039+03:00  INFO 10832 --- [cinema] [main] o.s.d.j.r.query.QueryEnhancerFactories   : Hibernate is in classpath; If applicable, HQL parser will be used.
2026-03-21T17:05:51.737+03:00  WARN 10832 --- [cinema] [main] JpaBaseConfiguration$JpaWebConfiguration : spring.jpa.open-in-view is enabled by default. Therefore, database queries may be performed during view rendering. Explicitly configure spring.jpa.open-in-view to disable this warning
2026-03-21T17:05:52.117+03:00  INFO 10832 --- [cinema] [main] o.s.boot.tomcat.TomcatWebServer          : Tomcat started on port 8080 (http) with context path '/'
2026-03-21T17:05:52.122+03:00  INFO 10832 --- [cinema] [main] pavel.lab.cinema.CinemaApplication       : Started CinemaApplication in 3.978 seconds (process running for 4.441)
2026-03-21T17:05:52.124+03:00  WARN 10832 --- [cinema] [main] o.s.core.events.SpringDocAppInitializer  : SpringDoc /swagger-ui.html endpoint is enabled by default. To disable it in production, set the property 'springdoc.swagger-ui.enabled=false'
2026-03-21T17:05:54.528+03:00  INFO 10832 --- [cinema] [http-nio-8080-exec-1] o.a.c.c.C.[Tomcat].[localhost].[/]       : Initializing Spring DispatcherServlet 'dispatcherServlet'
2026-03-21T17:05:54.528+03:00  INFO 10832 --- [cinema] [http-nio-8080-exec-1] o.s.web.servlet.DispatcherServlet        : Initializing Servlet 'dispatcherServlet'
2026-03-21T17:05:54.529+03:00  INFO 10832 --- [cinema] [http-nio-8080-exec-1] o.s.web.servlet.DispatcherServlet        : Completed initialization in 1 ms
2026-03-21T17:06:20.315+03:00  INFO 10832 --- [cinema] [SpringApplicationShutdownHook] o.s.boot.tomcat.GracefulShutdown         : Commencing graceful shutdown. Waiting for active requests to complete
2026-03-21T17:06:20.320+03:00  INFO 10832 --- [cinema] [tomcat-shutdown] o.s.boot.tomcat.GracefulShutdown         : Graceful shutdown complete
2026-03-21T17:06:20.324+03:00  INFO 10832 --- [cinema] [SpringApplicationShutdownHook] j.LocalContainerEntityManagerFactoryBean : Closing JPA EntityManagerFactory for persistence unit 'default'
2026-03-21T17:06:20.325+03:00  INFO 10832 --- [cinema] [SpringApplicationShutdownHook] com.zaxxer.hikari.HikariDataSource       : HikariPool-1 - Shutdown initiated...
2026-03-21T17:06:20.330+03:00  INFO 10832 --- [cinema] [SpringApplicationShutdownHook] com.zaxxer.hikari.HikariDataSource       : HikariPool-1 - Shutdown completed.
2026-03-21T17:06:22.252+03:00  INFO 18352 --- [cinema] [main] pavel.lab.cinema.CinemaApplication       : Starting CinemaApplication using Java 25.0.2 with PID 18352 (X:\Java\cinema\build\classes\java\main started by pavel in X:\Java\cinema)
2026-03-21T17:06:22.254+03:00  INFO 18352 --- [cinema] [main] pavel.lab.cinema.CinemaApplication       : No active profile set, falling back to 1 default profile: "default"
2026-03-21T17:06:22.855+03:00  INFO 18352 --- [cinema] [main] .s.d.r.c.RepositoryConfigurationDelegate : Bootstrapping Spring Data JPA repositories in DEFAULT mode.
2026-03-21T17:06:22.904+03:00  INFO 18352 --- [cinema] [main] .s.d.r.c.RepositoryConfigurationDelegate : Finished Spring Data repository scanning in 42 ms. Found 6 JPA repository interfaces.
2026-03-21T17:06:23.280+03:00  INFO 18352 --- [cinema] [main] o.s.boot.tomcat.TomcatWebServer          : Tomcat initialized with port 8080 (http)
2026-03-21T17:06:23.290+03:00  INFO 18352 --- [cinema] [main] o.apache.catalina.core.StandardService   : Starting service [Tomcat]
2026-03-21T17:06:23.291+03:00  INFO 18352 --- [cinema] [main] o.apache.catalina.core.StandardEngine    : Starting Servlet engine: [Apache Tomcat/11.0.18]
2026-03-21T17:06:23.332+03:00  INFO 18352 --- [cinema] [main] b.w.c.s.WebApplicationContextInitializer : Root WebApplicationContext: initialization completed in 1044 ms
2026-03-21T17:06:23.463+03:00  INFO 18352 --- [cinema] [main] org.hibernate.orm.jpa                    : HHH008540: Processing PersistenceUnitInfo [name: default]
2026-03-21T17:06:23.506+03:00  INFO 18352 --- [cinema] [main] org.hibernate.orm.core                   : HHH000001: Hibernate ORM core version 7.2.4.Final
2026-03-21T17:06:23.846+03:00  INFO 18352 --- [cinema] [main] o.s.o.j.p.SpringPersistenceUnitInfo      : No LoadTimeWeaver setup: ignoring JPA class transformer
2026-03-21T17:06:23.873+03:00  INFO 18352 --- [cinema] [main] com.zaxxer.hikari.HikariDataSource       : HikariPool-1 - Starting...
2026-03-21T17:06:23.993+03:00  INFO 18352 --- [cinema] [main] com.zaxxer.hikari.pool.HikariPool        : HikariPool-1 - Added connection org.postgresql.jdbc.PgConnection@903c13
2026-03-21T17:06:23.994+03:00  INFO 18352 --- [cinema] [main] com.zaxxer.hikari.HikariDataSource       : HikariPool-1 - Start completed.
2026-03-21T17:06:24.051+03:00  INFO 18352 --- [cinema] [main] org.hibernate.orm.connections.pooling    : HHH10001005: Database info:
	Database JDBC URL [jdbc:postgresql://localhost:5432/my_db]
	Database driver: PostgreSQL JDBC Driver
	Database dialect: PostgreSQLDialect
	Database version: 18.2
	Default catalog/schema: my_db/public
	Autocommit mode: undefined/unknown
	Isolation level: READ_COMMITTED [default READ_COMMITTED]
	JDBC fetch size: none
	Pool: DataSourceConnectionProvider
	Minimum pool size: undefined/unknown
	Maximum pool size: undefined/unknown
2026-03-21T17:06:24.826+03:00  INFO 18352 --- [cinema] [main] org.hibernate.orm.core                   : HHH000489: No JTA platform available (set 'hibernate.transaction.jta.platform' to enable JTA platform integration)
2026-03-21T17:06:24.892+03:00  INFO 18352 --- [cinema] [main] j.LocalContainerEntityManagerFactoryBean : Initialized JPA EntityManagerFactory for persistence unit 'default'
2026-03-21T17:06:24.981+03:00  INFO 18352 --- [cinema] [main] o.s.d.j.r.query.QueryEnhancerFactories   : Hibernate is in classpath; If applicable, HQL parser will be used.
2026-03-21T17:06:25.673+03:00  WARN 18352 --- [cinema] [main] JpaBaseConfiguration$JpaWebConfiguration : spring.jpa.open-in-view is enabled by default. Therefore, database queries may be performed during view rendering. Explicitly configure spring.jpa.open-in-view to disable this warning
2026-03-21T17:06:26.039+03:00  INFO 18352 --- [cinema] [main] o.s.boot.tomcat.TomcatWebServer          : Tomcat started on port 8080 (http) with context path '/'
2026-03-21T17:06:26.043+03:00  INFO 18352 --- [cinema] [main] pavel.lab.cinema.CinemaApplication       : Started CinemaApplication in 4.102 seconds (process running for 4.588)
2026-03-21T17:06:26.045+03:00  WARN 18352 --- [cinema] [main] o.s.core.events.SpringDocAppInitializer  : SpringDoc /swagger-ui.html endpoint is enabled by default. To disable it in production, set the property 'springdoc.swagger-ui.enabled=false'
2026-03-21T17:06:29.380+03:00  INFO 18352 --- [cinema] [http-nio-8080-exec-1] o.a.c.c.C.[Tomcat].[localhost].[/]       : Initializing Spring DispatcherServlet 'dispatcherServlet'
2026-03-21T17:06:29.380+03:00  INFO 18352 --- [cinema] [http-nio-8080-exec-1] o.s.web.servlet.DispatcherServlet        : Initializing Servlet 'dispatcherServlet'
2026-03-21T17:06:29.381+03:00  INFO 18352 --- [cinema] [http-nio-8080-exec-1] o.s.web.servlet.DispatcherServlet        : Completed initialization in 1 ms
2026-03-21T17:06:46.058+03:00  INFO 18352 --- [cinema] [SpringApplicationShutdownHook] o.s.boot.tomcat.GracefulShutdown         : Commencing graceful shutdown. Waiting for active requests to complete
2026-03-21T17:06:46.063+03:00  INFO 18352 --- [cinema] [tomcat-shutdown] o.s.boot.tomcat.GracefulShutdown         : Graceful shutdown complete
2026-03-21T17:06:46.067+03:00  INFO 18352 --- [cinema] [SpringApplicationShutdownHook] j.LocalContainerEntityManagerFactoryBean : Closing JPA EntityManagerFactory for persistence unit 'default'
2026-03-21T17:06:46.069+03:00  INFO 18352 --- [cinema] [SpringApplicationShutdownHook] com.zaxxer.hikari.HikariDataSource       : HikariPool-1 - Shutdown initiated...
2026-03-21T17:06:46.072+03:00  INFO 18352 --- [cinema] [SpringApplicationShutdownHook] com.zaxxer.hikari.HikariDataSource       : HikariPool-1 - Shutdown completed.
2026-03-21T17:06:48.224+03:00  INFO 6288 --- [cinema] [main] pavel.lab.cinema.CinemaApplication       : Starting CinemaApplication using Java 25.0.2 with PID 6288 (X:\Java\cinema\build\classes\java\main started by pavel in X:\Java\cinema)
2026-03-21T17:06:48.227+03:00  INFO 6288 --- [cinema] [main] pavel.lab.cinema.CinemaApplication       : No active profile set, falling back to 1 default profile: "default"
2026-03-21T17:06:48.798+03:00  INFO 6288 --- [cinema] [main] .s.d.r.c.RepositoryConfigurationDelegate : Bootstrapping Spring Data JPA repositories in DEFAULT mode.
2026-03-21T17:06:48.848+03:00  INFO 6288 --- [cinema] [main] .s.d.r.c.RepositoryConfigurationDelegate : Finished Spring Data repository scanning in 42 ms. Found 6 JPA repository interfaces.
2026-03-21T17:06:49.243+03:00  INFO 6288 --- [cinema] [main] o.s.boot.tomcat.TomcatWebServer          : Tomcat initialized with port 8080 (http)
2026-03-21T17:06:49.252+03:00  INFO 6288 --- [cinema] [main] o.apache.catalina.core.StandardService   : Starting service [Tomcat]
2026-03-21T17:06:49.253+03:00  INFO 6288 --- [cinema] [main] o.apache.catalina.core.StandardEngine    : Starting Servlet engine: [Apache Tomcat/11.0.18]
2026-03-21T17:06:49.294+03:00  INFO 6288 --- [cinema] [main] b.w.c.s.WebApplicationContextInitializer : Root WebApplicationContext: initialization completed in 1038 ms
2026-03-21T17:06:49.430+03:00  INFO 6288 --- [cinema] [main] org.hibernate.orm.jpa                    : HHH008540: Processing PersistenceUnitInfo [name: default]
2026-03-21T17:06:49.469+03:00  INFO 6288 --- [cinema] [main] org.hibernate.orm.core                   : HHH000001: Hibernate ORM core version 7.2.4.Final
2026-03-21T17:06:49.797+03:00  INFO 6288 --- [cinema] [main] o.s.o.j.p.SpringPersistenceUnitInfo      : No LoadTimeWeaver setup: ignoring JPA class transformer
2026-03-21T17:06:49.820+03:00  INFO 6288 --- [cinema] [main] com.zaxxer.hikari.HikariDataSource       : HikariPool-1 - Starting...
2026-03-21T17:06:49.931+03:00  INFO 6288 --- [cinema] [main] com.zaxxer.hikari.pool.HikariPool        : HikariPool-1 - Added connection org.postgresql.jdbc.PgConnection@389bc2d3
2026-03-21T17:06:49.932+03:00  INFO 6288 --- [cinema] [main] com.zaxxer.hikari.HikariDataSource       : HikariPool-1 - Start completed.
2026-03-21T17:06:49.985+03:00  INFO 6288 --- [cinema] [main] org.hibernate.orm.connections.pooling    : HHH10001005: Database info:
	Database JDBC URL [jdbc:postgresql://localhost:5432/my_db]
	Database driver: PostgreSQL JDBC Driver
	Database dialect: PostgreSQLDialect
	Database version: 18.2
	Default catalog/schema: my_db/public
	Autocommit mode: undefined/unknown
	Isolation level: READ_COMMITTED [default READ_COMMITTED]
	JDBC fetch size: none
	Pool: DataSourceConnectionProvider
	Minimum pool size: undefined/unknown
	Maximum pool size: undefined/unknown
2026-03-21T17:06:50.736+03:00  INFO 6288 --- [cinema] [main] org.hibernate.orm.core                   : HHH000489: No JTA platform available (set 'hibernate.transaction.jta.platform' to enable JTA platform integration)
2026-03-21T17:06:50.798+03:00  INFO 6288 --- [cinema] [main] j.LocalContainerEntityManagerFactoryBean : Initialized JPA EntityManagerFactory for persistence unit 'default'
2026-03-21T17:06:50.883+03:00  INFO 6288 --- [cinema] [main] o.s.d.j.r.query.QueryEnhancerFactories   : Hibernate is in classpath; If applicable, HQL parser will be used.
2026-03-21T17:06:51.590+03:00  WARN 6288 --- [cinema] [main] JpaBaseConfiguration$JpaWebConfiguration : spring.jpa.open-in-view is enabled by default. Therefore, database queries may be performed during view rendering. Explicitly configure spring.jpa.open-in-view to disable this warning
2026-03-21T17:06:51.980+03:00  INFO 6288 --- [cinema] [main] o.s.boot.tomcat.TomcatWebServer          : Tomcat started on port 8080 (http) with context path '/'
2026-03-21T17:06:51.985+03:00  INFO 6288 --- [cinema] [main] pavel.lab.cinema.CinemaApplication       : Started CinemaApplication in 4.068 seconds (process running for 4.598)
2026-03-21T17:06:51.986+03:00  WARN 6288 --- [cinema] [main] o.s.core.events.SpringDocAppInitializer  : SpringDoc /swagger-ui.html endpoint is enabled by default. To disable it in production, set the property 'springdoc.swagger-ui.enabled=false'
2026-03-21T17:06:54.509+03:00  INFO 6288 --- [cinema] [http-nio-8080-exec-1] o.a.c.c.C.[Tomcat].[localhost].[/]       : Initializing Spring DispatcherServlet 'dispatcherServlet'
2026-03-21T17:06:54.509+03:00  INFO 6288 --- [cinema] [http-nio-8080-exec-1] o.s.web.servlet.DispatcherServlet        : Initializing Servlet 'dispatcherServlet'
2026-03-21T17:06:54.510+03:00  INFO 6288 --- [cinema] [http-nio-8080-exec-1] o.s.web.servlet.DispatcherServlet        : Completed initialization in 1 ms
2026-03-21T17:07:40.239+03:00  INFO 6288 --- [cinema] [http-nio-8080-exec-5] o.springdoc.api.AbstractOpenApiResource  : Init duration for springdoc-openapi is: 303 ms
2026-03-21T17:22:24.255+03:00  INFO 6288 --- [cinema] [SpringApplicationShutdownHook] o.s.boot.tomcat.GracefulShutdown         : Commencing graceful shutdown. Waiting for active requests to complete
2026-03-21T17:22:24.259+03:00  INFO 6288 --- [cinema] [tomcat-shutdown] o.s.boot.tomcat.GracefulShutdown         : Graceful shutdown complete
2026-03-21T17:22:24.263+03:00  INFO 6288 --- [cinema] [SpringApplicationShutdownHook] j.LocalContainerEntityManagerFactoryBean : Closing JPA EntityManagerFactory for persistence unit 'default'
2026-03-21T17:22:24.265+03:00  INFO 6288 --- [cinema] [SpringApplicationShutdownHook] com.zaxxer.hikari.HikariDataSource       : HikariPool-1 - Shutdown initiated...
2026-03-21T17:22:24.267+03:00  INFO 6288 --- [cinema] [SpringApplicationShutdownHook] com.zaxxer.hikari.HikariDataSource       : HikariPool-1 - Shutdown completed.
2026-03-21T17:22:26.467+03:00  INFO 20652 --- [cinema] [main] pavel.lab.cinema.CinemaApplication       : Starting CinemaApplication using Java 25.0.2 with PID 20652 (X:\Java\cinema\build\classes\java\main started by pavel in X:\Java\cinema)
2026-03-21T17:22:26.469+03:00  INFO 20652 --- [cinema] [main] pavel.lab.cinema.CinemaApplication       : No active profile set, falling back to 1 default profile: "default"
2026-03-21T17:22:27.099+03:00  INFO 20652 --- [cinema] [main] .s.d.r.c.RepositoryConfigurationDelegate : Bootstrapping Spring Data JPA repositories in DEFAULT mode.
2026-03-21T17:22:27.151+03:00  INFO 20652 --- [cinema] [main] .s.d.r.c.RepositoryConfigurationDelegate : Finished Spring Data repository scanning in 45 ms. Found 6 JPA repository interfaces.
2026-03-21T17:22:27.573+03:00  INFO 20652 --- [cinema] [main] o.s.boot.tomcat.TomcatWebServer          : Tomcat initialized with port 8080 (http)
2026-03-21T17:22:27.585+03:00  INFO 20652 --- [cinema] [main] o.apache.catalina.core.StandardService   : Starting service [Tomcat]
2026-03-21T17:22:27.585+03:00  INFO 20652 --- [cinema] [main] o.apache.catalina.core.StandardEngine    : Starting Servlet engine: [Apache Tomcat/11.0.18]
2026-03-21T17:22:27.635+03:00  INFO 20652 --- [cinema] [main] b.w.c.s.WebApplicationContextInitializer : Root WebApplicationContext: initialization completed in 1135 ms
2026-03-21T17:22:27.808+03:00  INFO 20652 --- [cinema] [main] org.hibernate.orm.jpa                    : HHH008540: Processing PersistenceUnitInfo [name: default]
2026-03-21T17:22:27.859+03:00  INFO 20652 --- [cinema] [main] org.hibernate.orm.core                   : HHH000001: Hibernate ORM core version 7.2.4.Final
2026-03-21T17:22:28.260+03:00  INFO 20652 --- [cinema] [main] o.s.o.j.p.SpringPersistenceUnitInfo      : No LoadTimeWeaver setup: ignoring JPA class transformer
2026-03-21T17:22:28.285+03:00  INFO 20652 --- [cinema] [main] com.zaxxer.hikari.HikariDataSource       : HikariPool-1 - Starting...
2026-03-21T17:22:28.409+03:00  INFO 20652 --- [cinema] [main] com.zaxxer.hikari.pool.HikariPool        : HikariPool-1 - Added connection org.postgresql.jdbc.PgConnection@ae74eef
2026-03-21T17:22:28.411+03:00  INFO 20652 --- [cinema] [main] com.zaxxer.hikari.HikariDataSource       : HikariPool-1 - Start completed.
2026-03-21T17:22:28.469+03:00  INFO 20652 --- [cinema] [main] org.hibernate.orm.connections.pooling    : HHH10001005: Database info:
	Database JDBC URL [jdbc:postgresql://localhost:5432/my_db]
	Database driver: PostgreSQL JDBC Driver
	Database dialect: PostgreSQLDialect
	Database version: 18.2
	Default catalog/schema: my_db/public
	Autocommit mode: undefined/unknown
	Isolation level: READ_COMMITTED [default READ_COMMITTED]
	JDBC fetch size: none
	Pool: DataSourceConnectionProvider
	Minimum pool size: undefined/unknown
	Maximum pool size: undefined/unknown
2026-03-21T17:22:29.391+03:00  INFO 20652 --- [cinema] [main] org.hibernate.orm.core                   : HHH000489: No JTA platform available (set 'hibernate.transaction.jta.platform' to enable JTA platform integration)
2026-03-21T17:22:29.460+03:00  INFO 20652 --- [cinema] [main] j.LocalContainerEntityManagerFactoryBean : Initialized JPA EntityManagerFactory for persistence unit 'default'
2026-03-21T17:22:29.569+03:00  INFO 20652 --- [cinema] [main] o.s.d.j.r.query.QueryEnhancerFactories   : Hibernate is in classpath; If applicable, HQL parser will be used.
2026-03-21T17:22:30.408+03:00  WARN 20652 --- [cinema] [main] JpaBaseConfiguration$JpaWebConfiguration : spring.jpa.open-in-view is enabled by default. Therefore, database queries may be performed during view rendering. Explicitly configure spring.jpa.open-in-view to disable this warning
2026-03-21T17:22:30.858+03:00  INFO 20652 --- [cinema] [main] o.s.boot.tomcat.TomcatWebServer          : Tomcat started on port 8080 (http) with context path '/'
2026-03-21T17:22:30.863+03:00  INFO 20652 --- [cinema] [main] pavel.lab.cinema.CinemaApplication       : Started CinemaApplication in 4.713 seconds (process running for 5.239)
2026-03-21T17:22:30.865+03:00  WARN 20652 --- [cinema] [main] o.s.core.events.SpringDocAppInitializer  : SpringDoc /swagger-ui.html endpoint is enabled by default. To disable it in production, set the property 'springdoc.swagger-ui.enabled=false'
2026-03-21T17:22:39.591+03:00  INFO 20652 --- [cinema] [http-nio-8080-exec-1] o.a.c.c.C.[Tomcat].[localhost].[/]       : Initializing Spring DispatcherServlet 'dispatcherServlet'
2026-03-21T17:22:39.591+03:00  INFO 20652 --- [cinema] [http-nio-8080-exec-1] o.s.web.servlet.DispatcherServlet        : Initializing Servlet 'dispatcherServlet'
2026-03-21T17:22:39.593+03:00  INFO 20652 --- [cinema] [http-nio-8080-exec-1] o.s.web.servlet.DispatcherServlet        : Completed initialization in 2 ms
2026-03-21T17:27:45.935+03:00  INFO 20652 --- [cinema] [SpringApplicationShutdownHook] o.s.boot.tomcat.GracefulShutdown         : Commencing graceful shutdown. Waiting for active requests to complete
2026-03-21T17:27:45.940+03:00  INFO 20652 --- [cinema] [tomcat-shutdown] o.s.boot.tomcat.GracefulShutdown         : Graceful shutdown complete
2026-03-21T17:27:45.943+03:00  INFO 20652 --- [cinema] [SpringApplicationShutdownHook] j.LocalContainerEntityManagerFactoryBean : Closing JPA EntityManagerFactory for persistence unit 'default'
2026-03-21T17:27:45.946+03:00  INFO 20652 --- [cinema] [SpringApplicationShutdownHook] com.zaxxer.hikari.HikariDataSource       : HikariPool-1 - Shutdown initiated...
2026-03-21T17:27:45.948+03:00  INFO 20652 --- [cinema] [SpringApplicationShutdownHook] com.zaxxer.hikari.HikariDataSource       : HikariPool-1 - Shutdown completed.
2026-03-21T17:27:48.712+03:00  INFO 5312 --- [cinema] [main] pavel.lab.cinema.CinemaApplication       : Starting CinemaApplication using Java 25.0.2 with PID 5312 (X:\Java\cinema\build\classes\java\main started by pavel in X:\Java\cinema)
2026-03-21T17:27:48.717+03:00  INFO 5312 --- [cinema] [main] pavel.lab.cinema.CinemaApplication       : No active profile set, falling back to 1 default profile: "default"
2026-03-21T17:27:49.747+03:00  INFO 5312 --- [cinema] [main] .s.d.r.c.RepositoryConfigurationDelegate : Bootstrapping Spring Data JPA repositories in DEFAULT mode.
2026-03-21T17:27:49.833+03:00  INFO 5312 --- [cinema] [main] .s.d.r.c.RepositoryConfigurationDelegate : Finished Spring Data repository scanning in 73 ms. Found 6 JPA repository interfaces.
2026-03-21T17:27:50.358+03:00  INFO 5312 --- [cinema] [main] o.s.boot.tomcat.TomcatWebServer          : Tomcat initialized with port 8080 (http)
2026-03-21T17:27:50.370+03:00  INFO 5312 --- [cinema] [main] o.apache.catalina.core.StandardService   : Starting service [Tomcat]
2026-03-21T17:27:50.370+03:00  INFO 5312 --- [cinema] [main] o.apache.catalina.core.StandardEngine    : Starting Servlet engine: [Apache Tomcat/11.0.18]
2026-03-21T17:27:50.422+03:00  INFO 5312 --- [cinema] [main] b.w.c.s.WebApplicationContextInitializer : Root WebApplicationContext: initialization completed in 1636 ms
2026-03-21T17:27:50.603+03:00  INFO 5312 --- [cinema] [main] org.hibernate.orm.jpa                    : HHH008540: Processing PersistenceUnitInfo [name: default]
2026-03-21T17:27:50.645+03:00  INFO 5312 --- [cinema] [main] org.hibernate.orm.core                   : HHH000001: Hibernate ORM core version 7.2.4.Final
2026-03-21T17:27:51.005+03:00  INFO 5312 --- [cinema] [main] o.s.o.j.p.SpringPersistenceUnitInfo      : No LoadTimeWeaver setup: ignoring JPA class transformer
2026-03-21T17:27:51.032+03:00  INFO 5312 --- [cinema] [main] com.zaxxer.hikari.HikariDataSource       : HikariPool-1 - Starting...
2026-03-21T17:27:51.164+03:00  INFO 5312 --- [cinema] [main] com.zaxxer.hikari.pool.HikariPool        : HikariPool-1 - Added connection org.postgresql.jdbc.PgConnection@1e4c4fda
2026-03-21T17:27:51.165+03:00  INFO 5312 --- [cinema] [main] com.zaxxer.hikari.HikariDataSource       : HikariPool-1 - Start completed.
2026-03-21T17:27:51.226+03:00  INFO 5312 --- [cinema] [main] org.hibernate.orm.connections.pooling    : HHH10001005: Database info:
	Database JDBC URL [jdbc:postgresql://localhost:5432/my_db]
	Database driver: PostgreSQL JDBC Driver
	Database dialect: PostgreSQLDialect
	Database version: 18.2
	Default catalog/schema: my_db/public
	Autocommit mode: undefined/unknown
	Isolation level: READ_COMMITTED [default READ_COMMITTED]
	JDBC fetch size: none
	Pool: DataSourceConnectionProvider
	Minimum pool size: undefined/unknown
	Maximum pool size: undefined/unknown
2026-03-21T17:27:52.104+03:00  INFO 5312 --- [cinema] [main] org.hibernate.orm.core                   : HHH000489: No JTA platform available (set 'hibernate.transaction.jta.platform' to enable JTA platform integration)
2026-03-21T17:27:52.173+03:00  INFO 5312 --- [cinema] [main] j.LocalContainerEntityManagerFactoryBean : Initialized JPA EntityManagerFactory for persistence unit 'default'
2026-03-21T17:27:52.264+03:00  INFO 5312 --- [cinema] [main] o.s.d.j.r.query.QueryEnhancerFactories   : Hibernate is in classpath; If applicable, HQL parser will be used.
2026-03-21T17:27:53.043+03:00  WARN 5312 --- [cinema] [main] JpaBaseConfiguration$JpaWebConfiguration : spring.jpa.open-in-view is enabled by default. Therefore, database queries may be performed during view rendering. Explicitly configure spring.jpa.open-in-view to disable this warning
2026-03-21T17:27:53.464+03:00  INFO 5312 --- [cinema] [main] o.s.boot.tomcat.TomcatWebServer          : Tomcat started on port 8080 (http) with context path '/'
2026-03-21T17:27:53.469+03:00  INFO 5312 --- [cinema] [main] pavel.lab.cinema.CinemaApplication       : Started CinemaApplication in 5.247 seconds (process running for 5.968)
2026-03-21T17:27:53.471+03:00  WARN 5312 --- [cinema] [main] o.s.core.events.SpringDocAppInitializer  : SpringDoc /swagger-ui.html endpoint is enabled by default. To disable it in production, set the property 'springdoc.swagger-ui.enabled=false'
2026-03-21T17:27:57.094+03:00  INFO 5312 --- [cinema] [http-nio-8080-exec-1] o.a.c.c.C.[Tomcat].[localhost].[/]       : Initializing Spring DispatcherServlet 'dispatcherServlet'
2026-03-21T17:27:57.094+03:00  INFO 5312 --- [cinema] [http-nio-8080-exec-1] o.s.web.servlet.DispatcherServlet        : Initializing Servlet 'dispatcherServlet'
2026-03-21T17:27:57.095+03:00  INFO 5312 --- [cinema] [http-nio-8080-exec-1] o.s.web.servlet.DispatcherServlet        : Completed initialization in 1 ms
2026-03-21T17:29:02.820+03:00  INFO 5312 --- [cinema] [SpringApplicationShutdownHook] o.s.boot.tomcat.GracefulShutdown         : Commencing graceful shutdown. Waiting for active requests to complete
2026-03-21T17:29:02.826+03:00  INFO 5312 --- [cinema] [tomcat-shutdown] o.s.boot.tomcat.GracefulShutdown         : Graceful shutdown complete
2026-03-21T17:29:02.830+03:00  INFO 5312 --- [cinema] [SpringApplicationShutdownHook] j.LocalContainerEntityManagerFactoryBean : Closing JPA EntityManagerFactory for persistence unit 'default'
2026-03-21T17:29:02.832+03:00  INFO 5312 --- [cinema] [SpringApplicationShutdownHook] com.zaxxer.hikari.HikariDataSource       : HikariPool-1 - Shutdown initiated...
2026-03-21T17:29:02.834+03:00  INFO 5312 --- [cinema] [SpringApplicationShutdownHook] com.zaxxer.hikari.HikariDataSource       : HikariPool-1 - Shutdown completed.
2026-03-21T17:33:00.664+03:00  INFO 2276 --- [cinema] [main] pavel.lab.cinema.CinemaApplication       : Starting CinemaApplication using Java 25.0.2 with PID 2276 (X:\Java\cinema\build\classes\java\main started by pavel in X:\Java\cinema)
2026-03-21T17:33:00.666+03:00  INFO 2276 --- [cinema] [main] pavel.lab.cinema.CinemaApplication       : No active profile set, falling back to 1 default profile: "default"
2026-03-21T17:33:01.456+03:00  INFO 2276 --- [cinema] [main] .s.d.r.c.RepositoryConfigurationDelegate : Bootstrapping Spring Data JPA repositories in DEFAULT mode.
2026-03-21T17:33:01.528+03:00  INFO 2276 --- [cinema] [main] .s.d.r.c.RepositoryConfigurationDelegate : Finished Spring Data repository scanning in 63 ms. Found 6 JPA repository interfaces.
2026-03-21T17:33:02.021+03:00  INFO 2276 --- [cinema] [main] o.s.boot.tomcat.TomcatWebServer          : Tomcat initialized with port 8080 (http)
2026-03-21T17:33:02.032+03:00  INFO 2276 --- [cinema] [main] o.apache.catalina.core.StandardService   : Starting service [Tomcat]
2026-03-21T17:33:02.032+03:00  INFO 2276 --- [cinema] [main] o.apache.catalina.core.StandardEngine    : Starting Servlet engine: [Apache Tomcat/11.0.18]
2026-03-21T17:33:02.082+03:00  INFO 2276 --- [cinema] [main] b.w.c.s.WebApplicationContextInitializer : Root WebApplicationContext: initialization completed in 1374 ms
2026-03-21T17:33:02.240+03:00  INFO 2276 --- [cinema] [main] org.hibernate.orm.jpa                    : HHH008540: Processing PersistenceUnitInfo [name: default]
2026-03-21T17:33:02.298+03:00  INFO 2276 --- [cinema] [main] org.hibernate.orm.core                   : HHH000001: Hibernate ORM core version 7.2.4.Final
2026-03-21T17:33:02.763+03:00  INFO 2276 --- [cinema] [main] o.s.o.j.p.SpringPersistenceUnitInfo      : No LoadTimeWeaver setup: ignoring JPA class transformer
2026-03-21T17:33:02.790+03:00  INFO 2276 --- [cinema] [main] com.zaxxer.hikari.HikariDataSource       : HikariPool-1 - Starting...
2026-03-21T17:33:02.921+03:00  INFO 2276 --- [cinema] [main] com.zaxxer.hikari.pool.HikariPool        : HikariPool-1 - Added connection org.postgresql.jdbc.PgConnection@178ba69f
2026-03-21T17:33:02.923+03:00  INFO 2276 --- [cinema] [main] com.zaxxer.hikari.HikariDataSource       : HikariPool-1 - Start completed.
2026-03-21T17:33:02.984+03:00  INFO 2276 --- [cinema] [main] org.hibernate.orm.connections.pooling    : HHH10001005: Database info:
	Database JDBC URL [jdbc:postgresql://localhost:5432/my_db]
	Database driver: PostgreSQL JDBC Driver
	Database dialect: PostgreSQLDialect
	Database version: 18.2
	Default catalog/schema: my_db/public
	Autocommit mode: undefined/unknown
	Isolation level: READ_COMMITTED [default READ_COMMITTED]
	JDBC fetch size: none
	Pool: DataSourceConnectionProvider
	Minimum pool size: undefined/unknown
	Maximum pool size: undefined/unknown
2026-03-21T17:33:03.970+03:00  INFO 2276 --- [cinema] [main] org.hibernate.orm.core                   : HHH000489: No JTA platform available (set 'hibernate.transaction.jta.platform' to enable JTA platform integration)
2026-03-21T17:33:04.044+03:00  INFO 2276 --- [cinema] [main] j.LocalContainerEntityManagerFactoryBean : Initialized JPA EntityManagerFactory for persistence unit 'default'
2026-03-21T17:33:04.146+03:00  INFO 2276 --- [cinema] [main] o.s.d.j.r.query.QueryEnhancerFactories   : Hibernate is in classpath; If applicable, HQL parser will be used.
2026-03-21T17:33:05.061+03:00  WARN 2276 --- [cinema] [main] JpaBaseConfiguration$JpaWebConfiguration : spring.jpa.open-in-view is enabled by default. Therefore, database queries may be performed during view rendering. Explicitly configure spring.jpa.open-in-view to disable this warning
2026-03-21T17:33:05.619+03:00  INFO 2276 --- [cinema] [main] o.s.boot.tomcat.TomcatWebServer          : Tomcat started on port 8080 (http) with context path '/'
2026-03-21T17:33:05.626+03:00  INFO 2276 --- [cinema] [main] pavel.lab.cinema.CinemaApplication       : Started CinemaApplication in 5.474 seconds (process running for 6.324)
2026-03-21T17:33:05.630+03:00  WARN 2276 --- [cinema] [main] o.s.core.events.SpringDocAppInitializer  : SpringDoc /swagger-ui.html endpoint is enabled by default. To disable it in production, set the property 'springdoc.swagger-ui.enabled=false'
2026-03-21T17:33:16.907+03:00  INFO 2276 --- [cinema] [http-nio-8080-exec-1] o.a.c.c.C.[Tomcat].[localhost].[/]       : Initializing Spring DispatcherServlet 'dispatcherServlet'
2026-03-21T17:33:16.907+03:00  INFO 2276 --- [cinema] [http-nio-8080-exec-1] o.s.web.servlet.DispatcherServlet        : Initializing Servlet 'dispatcherServlet'
2026-03-21T17:33:16.908+03:00  INFO 2276 --- [cinema] [http-nio-8080-exec-1] o.s.web.servlet.DispatcherServlet        : Completed initialization in 1 ms
2026-03-21T17:33:17.463+03:00  INFO 2276 --- [cinema] [http-nio-8080-exec-1] o.springdoc.api.AbstractOpenApiResource  : Init duration for springdoc-openapi is: 504 ms
2026-03-21T17:33:46.191+03:00  INFO 2276 --- [cinema] [SpringApplicationShutdownHook] o.s.boot.tomcat.GracefulShutdown         : Commencing graceful shutdown. Waiting for active requests to complete
2026-03-21T17:33:46.196+03:00  INFO 2276 --- [cinema] [tomcat-shutdown] o.s.boot.tomcat.GracefulShutdown         : Graceful shutdown complete
2026-03-21T17:33:46.200+03:00  INFO 2276 --- [cinema] [SpringApplicationShutdownHook] j.LocalContainerEntityManagerFactoryBean : Closing JPA EntityManagerFactory for persistence unit 'default'
2026-03-21T17:33:46.202+03:00  INFO 2276 --- [cinema] [SpringApplicationShutdownHook] com.zaxxer.hikari.HikariDataSource       : HikariPool-1 - Shutdown initiated...
2026-03-21T17:33:46.205+03:00  INFO 2276 --- [cinema] [SpringApplicationShutdownHook] com.zaxxer.hikari.HikariDataSource       : HikariPool-1 - Shutdown completed.
